Archive member included to satisfy reference by file (symbol)

/usr/share/gcc-arm-none-eabi-10.3-2021.10/bin/../lib/gcc/arm-none-eabi/10.3.1/../../../../arm-none-eabi/lib/thumb/v7e-m+fp/hard/libc_nano.a(lib_a-exit.o)
                              /usr/share/gcc-arm-none-eabi-10.3-2021.10/bin/../lib/gcc/arm-none-eabi/10.3.1/../../../../arm-none-eabi/lib/thumb/v7e-m+fp/hard/crt0.o (exit)
/usr/share/gcc-arm-none-eabi-10.3-2021.10/bin/../lib/gcc/arm-none-eabi/10.3.1/../../../../arm-none-eabi/lib/thumb/v7e-m+fp/hard/libc_nano.a(lib_a-impure.o)
                              /usr/share/gcc-arm-none-eabi-10.3-2021.10/bin/../lib/gcc/arm-none-eabi/10.3.1/../../../../arm-none-eabi/lib/thumb/v7e-m+fp/hard/libc_nano.a(lib_a-exit.o) (_global_impure_ptr)
/usr/share/gcc-arm-none-eabi-10.3-2021.10/bin/../lib/gcc/arm-none-eabi/10.3.1/../../../../arm-none-eabi/lib/thumb/v7e-m+fp/hard/libc_nano.a(lib_a-init.o)
                              /usr/share/gcc-arm-none-eabi-10.3-2021.10/bin/../lib/gcc/arm-none-eabi/10.3.1/../../../../arm-none-eabi/lib/thumb/v7e-m+fp/hard/crt0.o (__libc_init_array)
/usr/share/gcc-arm-none-eabi-10.3-2021.10/bin/../lib/gcc/arm-none-eabi/10.3.1/../../../../arm-none-eabi/lib/thumb/v7e-m+fp/hard/libc_nano.a(lib_a-memset.o)
                              /usr/share/gcc-arm-none-eabi-10.3-2021.10/bin/../lib/gcc/arm-none-eabi/10.3.1/../../../../arm-none-eabi/lib/thumb/v7e-m+fp/hard/crt0.o (memset)
/usr/share/gcc-arm-none-eabi-10.3-2021.10/bin/../lib/gcc/arm-none-eabi/10.3.1/thumb/v7e-m+fp/hard/libgcc.a(_aeabi_uldivmod.o)
                              CMakeFiles/I2C_VL53L0X.dir/Drivers/STM32F4xx_HAL_Driver/Src/stm32f4xx_hal_rcc.c.obj (__aeabi_uldivmod)
/usr/share/gcc-arm-none-eabi-10.3-2021.10/bin/../lib/gcc/arm-none-eabi/10.3.1/thumb/v7e-m+fp/hard/libgcc.a(_udivmoddi4.o)
                              /usr/share/gcc-arm-none-eabi-10.3-2021.10/bin/../lib/gcc/arm-none-eabi/10.3.1/thumb/v7e-m+fp/hard/libgcc.a(_aeabi_uldivmod.o) (__udivmoddi4)
/usr/share/gcc-arm-none-eabi-10.3-2021.10/bin/../lib/gcc/arm-none-eabi/10.3.1/thumb/v7e-m+fp/hard/libgcc.a(_dvmd_tls.o)
                              /usr/share/gcc-arm-none-eabi-10.3-2021.10/bin/../lib/gcc/arm-none-eabi/10.3.1/thumb/v7e-m+fp/hard/libgcc.a(_aeabi_uldivmod.o) (__aeabi_ldiv0)
/usr/share/gcc-arm-none-eabi-10.3-2021.10/bin/../lib/gcc/arm-none-eabi/10.3.1/../../../../arm-none-eabi/lib/thumb/v7e-m+fp/hard/libg_nano.a(lib_a-errno.o)
                              CMakeFiles/I2C_VL53L0X.dir/Core/Src/sysmem.c.obj (__errno)

Discarded input sections

 .text          0x0000000000000000        0x0 /usr/share/gcc-arm-none-eabi-10.3-2021.10/bin/../lib/gcc/arm-none-eabi/10.3.1/thumb/v7e-m+fp/hard/crti.o
 .data          0x0000000000000000        0x0 /usr/share/gcc-arm-none-eabi-10.3-2021.10/bin/../lib/gcc/arm-none-eabi/10.3.1/thumb/v7e-m+fp/hard/crti.o
 .bss           0x0000000000000000        0x0 /usr/share/gcc-arm-none-eabi-10.3-2021.10/bin/../lib/gcc/arm-none-eabi/10.3.1/thumb/v7e-m+fp/hard/crti.o
 .data          0x0000000000000000        0x4 /usr/share/gcc-arm-none-eabi-10.3-2021.10/bin/../lib/gcc/arm-none-eabi/10.3.1/thumb/v7e-m+fp/hard/crtbegin.o
 .rodata        0x0000000000000000       0x24 /usr/share/gcc-arm-none-eabi-10.3-2021.10/bin/../lib/gcc/arm-none-eabi/10.3.1/thumb/v7e-m+fp/hard/crtbegin.o
 .text          0x0000000000000000       0x7c /usr/share/gcc-arm-none-eabi-10.3-2021.10/bin/../lib/gcc/arm-none-eabi/10.3.1/../../../../arm-none-eabi/lib/thumb/v7e-m+fp/hard/crt0.o
 .data          0x0000000000000000        0x0 /usr/share/gcc-arm-none-eabi-10.3-2021.10/bin/../lib/gcc/arm-none-eabi/10.3.1/../../../../arm-none-eabi/lib/thumb/v7e-m+fp/hard/crt0.o
 .bss           0x0000000000000000        0x0 /usr/share/gcc-arm-none-eabi-10.3-2021.10/bin/../lib/gcc/arm-none-eabi/10.3.1/../../../../arm-none-eabi/lib/thumb/v7e-m+fp/hard/crt0.o
 .ARM.extab     0x0000000000000000        0x0 /usr/share/gcc-arm-none-eabi-10.3-2021.10/bin/../lib/gcc/arm-none-eabi/10.3.1/../../../../arm-none-eabi/lib/thumb/v7e-m+fp/hard/crt0.o
 .ARM.exidx     0x0000000000000000       0x10 /usr/share/gcc-arm-none-eabi-10.3-2021.10/bin/../lib/gcc/arm-none-eabi/10.3.1/../../../../arm-none-eabi/lib/thumb/v7e-m+fp/hard/crt0.o
 .ARM.attributes
                0x0000000000000000       0x1c /usr/share/gcc-arm-none-eabi-10.3-2021.10/bin/../lib/gcc/arm-none-eabi/10.3.1/../../../../arm-none-eabi/lib/thumb/v7e-m+fp/hard/crt0.o
 .text          0x0000000000000000        0x0 /usr/share/gcc-arm-none-eabi-10.3-2021.10/bin/../lib/gcc/arm-none-eabi/10.3.1/../../../../arm-none-eabi/lib/thumb/v7e-m+fp/hard/libc_nano.a(lib_a-exit.o)
 .data          0x0000000000000000        0x0 /usr/share/gcc-arm-none-eabi-10.3-2021.10/bin/../lib/gcc/arm-none-eabi/10.3.1/../../../../arm-none-eabi/lib/thumb/v7e-m+fp/hard/libc_nano.a(lib_a-exit.o)
 .bss           0x0000000000000000        0x0 /usr/share/gcc-arm-none-eabi-10.3-2021.10/bin/../lib/gcc/arm-none-eabi/10.3.1/../../../../arm-none-eabi/lib/thumb/v7e-m+fp/hard/libc_nano.a(lib_a-exit.o)
[...]
Memory Configuration

Name             Origin             Length             Attributes
RAM              0x0000000020000000 0x0000000000020000 xrw
FLASH            0x0000000008000000 0x0000000000080000 xr
*default*        0x0000000000000000 0xffffffffffffffff

Linker script and memory map

LOAD /usr/share/gcc-arm-none-eabi-10.3-2021.10/bin/../lib/gcc/arm-none-eabi/10.3.1/thumb/v7e-m+fp/hard/crti.o
LOAD /usr/share/gcc-arm-none-eabi-10.3-2021.10/bin/../lib/gcc/arm-none-eabi/10.3.1/thumb/v7e-m+fp/hard/crtbegin.o
LOAD /usr/share/gcc-arm-none-eabi-10.3-2021.10/bin/../lib/gcc/arm-none-eabi/10.3.1/../../../../arm-none-eabi/lib/thumb/v7e-m+fp/hard/crt0.o
START GROUP
LOAD /usr/share/gcc-arm-none-eabi-10.3-2021.10/bin/../lib/gcc/arm-none-eabi/10.3.1/../../../../arm-none-eabi/lib/thumb/v7e-m+fp/hard/libc_nano.a
LOAD /usr/share/gcc-arm-none-eabi-10.3-2021.10/bin/../lib/gcc/arm-none-eabi/10.3.1/../../../../arm-none-eabi/lib/thumb/v7e-m+fp/hard/libm.a
END GROUP
LOAD CMakeFiles/I2C_VL53L0X.dir/Core/Src/main.c.obj
LOAD CMakeFiles/I2C_VL53L0X.dir/Core/Src/blinky.c.obj
LOAD CMakeFiles/I2C_VL53L0X.dir/Core/Src/stm32f4xx_it.c.obj
LOAD CMakeFiles/I2C_VL53L0X.dir/Core/Src/stm32f4xx_hal_msp.c.obj
LOAD CMakeFiles/I2C_VL53L0X.dir/Drivers/STM32F4xx_HAL_Driver/Src/stm32f4xx_hal_rcc.c.obj
LOAD CMakeFiles/I2C_VL53L0X.dir/Drivers/STM32F4xx_HAL_Driver/Src/stm32f4xx_hal_rcc_ex.c.obj
LOAD CMakeFiles/I2C_VL53L0X.dir/Drivers/STM32F4xx_HAL_Driver/Src/stm32f4xx_hal_flash.c.obj
LOAD CMakeFiles/I2C_VL53L0X.dir/Drivers/STM32F4xx_HAL_Driver/Src/stm32f4xx_hal_flash_ex.c.obj
LOAD CMakeFiles/I2C_VL53L0X.dir/Drivers/STM32F4xx_HAL_Driver/Src/stm32f4xx_hal_flash_ramfunc.c.obj
LOAD CMakeFiles/I2C_VL53L0X.dir/Drivers/STM32F4xx_HAL_Driver/Src/stm32f4xx_hal_gpio.c.obj
LOAD CMakeFiles/I2C_VL53L0X.dir/Drivers/STM32F4xx_HAL_Driver/Src/stm32f4xx_hal_dma_ex.c.obj
LOAD CMakeFiles/I2C_VL53L0X.dir/Drivers/STM32F4xx_HAL_Driver/Src/stm32f4xx_hal_dma.c.obj
LOAD CMakeFiles/I2C_VL53L0X.dir/Drivers/STM32F4xx_HAL_Driver/Src/stm32f4xx_hal_pwr.c.obj
LOAD CMakeFiles/I2C_VL53L0X.dir/Drivers/STM32F4xx_HAL_Driver/Src/stm32f4xx_hal_pwr_ex.c.obj
LOAD CMakeFiles/I2C_VL53L0X.dir/Drivers/STM32F4xx_HAL_Driver/Src/stm32f4xx_hal_cortex.c.obj
LOAD CMakeFiles/I2C_VL53L0X.dir/Drivers/STM32F4xx_HAL_Driver/Src/stm32f4xx_hal.c.obj
LOAD CMakeFiles/I2C_VL53L0X.dir/Drivers/STM32F4xx_HAL_Driver/Src/stm32f4xx_hal_exti.c.obj
LOAD CMakeFiles/I2C_VL53L0X.dir/Core/Src/system_stm32f4xx.c.obj
LOAD CMakeFiles/I2C_VL53L0X.dir/Core/Src/sysmem.c.obj
LOAD CMakeFiles/I2C_VL53L0X.dir/Core/Src/syscalls.c.obj
LOAD CMakeFiles/I2C_VL53L0X.dir/startup_stm32f411xe.s.obj
START GROUP
LOAD /usr/share/gcc-arm-none-eabi-10.3-2021.10/bin/../lib/gcc/arm-none-eabi/10.3.1/thumb/v7e-m+fp/hard/libgcc.a
LOAD /usr/share/gcc-arm-none-eabi-10.3-2021.10/bin/../lib/gcc/arm-none-eabi/10.3.1/../../../../arm-none-eabi/lib/thumb/v7e-m+fp/hard/libg_nano.a
LOAD /usr/share/gcc-arm-none-eabi-10.3-2021.10/bin/../lib/gcc/arm-none-eabi/10.3.1/../../../../arm-none-eabi/lib/thumb/v7e-m+fp/hard/libc_nano.a
END GROUP
START GROUP
LOAD /usr/share/gcc-arm-none-eabi-10.3-2021.10/bin/../lib/gcc/arm-none-eabi/10.3.1/thumb/v7e-m+fp/hard/libgcc.a
LOAD /usr/share/gcc-arm-none-eabi-10.3-2021.10/bin/../lib/gcc/arm-none-eabi/10.3.1/../../../../arm-none-eabi/lib/thumb/v7e-m+fp/hard/libc_nano.a
END GROUP
LOAD /usr/share/gcc-arm-none-eabi-10.3-2021.10/bin/../lib/gcc/arm-none-eabi/10.3.1/thumb/v7e-m+fp/hard/crtend.o
LOAD /usr/share/gcc-arm-none-eabi-10.3-2021.10/bin/../lib/gcc/arm-none-eabi/10.3.1/thumb/v7e-m+fp/hard/crtn.o
                0x0000000020020000                _estack = (ORIGIN (RAM) + LENGTH (RAM))
                0x0000000000000200                _Min_Heap_Size = 0x200
                0x0000000000000400                _Min_Stack_Size = 0x400

.isr_vector     0x0000000008000000      0x198
                0x0000000008000000                . = ALIGN (0x4)
 *(.isr_vector)
 .isr_vector    0x0000000008000000      0x198 CMakeFiles/I2C_VL53L0X.dir/startup_stm32f411xe.s.obj
                0x0000000008000000                g_pfnVectors
                0x0000000008000198                . = ALIGN (0x4)

.text           0x0000000008000198     0x1184
                0x0000000008000198                . = ALIGN (0x4)
 *(.text)
 .text          0x0000000008000198       0x40 /usr/share/gcc-arm-none-eabi-10.3-2021.10/bin/../lib/gcc/arm-none-eabi/10.3.1/thumb/v7e-m+fp/hard/crtbegin.o
 .text          0x00000000080001d8       0x30 /usr/share/gcc-arm-none-eabi-10.3-2021.10/bin/../lib/gcc/arm-none-eabi/10.3.1/thumb/v7e-m+fp/hard/libgcc.a(_aeabi_uldivmod.o)
                0x00000000080001d8                __aeabi_uldivmod
 .text          0x0000000008000208      0x2d0 /usr/share/gcc-arm-none-eabi-10.3-2021.10/bin/../lib/gcc/arm-none-eabi/10.3.1/thumb/v7e-m+fp/hard/libgcc.a(_udivmoddi4.o)
                0x0000000008000208                __udivmoddi4
 .text          0x00000000080004d8        0x4 /usr/share/gcc-arm-none-eabi-10.3-2021.10/bin/../lib/gcc/arm-none-eabi/10.3.1/thumb/v7e-m+fp/hard/libgcc.a(_dvmd_tls.o)
                0x00000000080004d8                __aeabi_ldiv0
                0x00000000080004d8                __aeabi_idiv0
 *(.text*)
 .text.__libc_init_array
                0x00000000080004dc       0x48 /usr/share/gcc-arm-none-eabi-10.3-2021.10/bin/../lib/gcc/arm-none-eabi/10.3.1/../../../../arm-none-eabi/lib/thumb/v7e-m+fp/hard/libc_nano.a(lib_a-init.o)
                0x00000000080004dc                __libc_init_array
 .text.memset   0x0000000008000524       0x10 /usr/share/gcc-arm-none-eabi-10.3-2021.10/bin/../lib/gcc/arm-none-eabi/10.3.1/../../../../arm-none-eabi/lib/thumb/v7e-m+fp/hard/libc_nano.a(lib_a-memset.o)
                0x0000000008000524                memset
 .text.main     0x0000000008000534       0x74 CMakeFiles/I2C_VL53L0X.dir/Core/Src/main.c.obj
                0x0000000008000534                main
 .text.SystemClock_Config
                0x00000000080005a8       0xbc CMakeFiles/I2C_VL53L0X.dir/Core/Src/main.c.obj
                0x00000000080005a8                SystemClock_Config
 .text.MX_GPIO_Init
                0x0000000008000664       0x50 CMakeFiles/I2C_VL53L0X.dir/Core/Src/main.c.obj
 .text.Error_Handler
                0x00000000080006b4        0xa CMakeFiles/I2C_VL53L0X.dir/Core/Src/main.c.obj
                0x00000000080006b4                Error_Handler
 *fill*         0x00000000080006be        0x2 
 .text.BlinkyPeripheral
                0x00000000080006c0       0x30 CMakeFiles/I2C_VL53L0X.dir/Core/Src/blinky.c.obj
                0x00000000080006c0                BlinkyPeripheral
 .text.NMI_Handler
                0x00000000080006f0        0x6 CMakeFiles/I2C_VL53L0X.dir/Core/Src/stm32f4xx_it.c.obj
                0x00000000080006f0                NMI_Handler
 .text.HardFault_Handler
                0x00000000080006f6        0x6 CMakeFiles/I2C_VL53L0X.dir/Core/Src/stm32f4xx_it.c.obj
                0x00000000080006f6                HardFault_Handler
 .text.MemManage_Handler
                0x00000000080006fc        0x6 CMakeFiles/I2C_VL53L0X.dir/Core/Src/stm32f4xx_it.c.obj
                0x00000000080006fc                MemManage_Handler
 .text.BusFault_Handler
                0x0000000008000702        0x6 CMakeFiles/I2C_VL53L0X.dir/Core/Src/stm32f4xx_it.c.obj
                0x0000000008000702                BusFault_Handler
 .text.UsageFault_Handler
                0x0000000008000708        0x6 CMakeFiles/I2C_VL53L0X.dir/Core/Src/stm32f4xx_it.c.obj
                0x0000000008000708                UsageFault_Handler
 .text.SVC_Handler
                0x000000000800070e        0xe CMakeFiles/I2C_VL53L0X.dir/Core/Src/stm32f4xx_it.c.obj
                0x000000000800070e                SVC_Handler
 .text.DebugMon_Handler
                0x000000000800071c        0xe CMakeFiles/I2C_VL53L0X.dir/Core/Src/stm32f4xx_it.c.obj
                0x000000000800071c                DebugMon_Handler
 .text.PendSV_Handler
                0x000000000800072a        0xe CMakeFiles/I2C_VL53L0X.dir/Core/Src/stm32f4xx_it.c.obj
                0x000000000800072a                PendSV_Handler
 .text.SysTick_Handler
                0x0000000008000738        0xc CMakeFiles/I2C_VL53L0X.dir/Core/Src/stm32f4xx_it.c.obj
                0x0000000008000738                SysTick_Handler
 .text.HAL_MspInit
                0x0000000008000744       0x50 CMakeFiles/I2C_VL53L0X.dir/Core/Src/stm32f4xx_hal_msp.c.obj
                0x0000000008000744                HAL_MspInit
 .text.HAL_RCC_OscConfig
                0x0000000008000794      0x4f0 CMakeFiles/I2C_VL53L0X.dir/Drivers/STM32F4xx_HAL_Driver/Src/stm32f4xx_hal_rcc.c.obj
                0x0000000008000794                HAL_RCC_OscConfig
 .text.HAL_RCC_ClockConfig
                0x0000000008000c84      0x1cc CMakeFiles/I2C_VL53L0X.dir/Drivers/STM32F4xx_HAL_Driver/Src/stm32f4xx_hal_rcc.c.obj
                0x0000000008000c84                HAL_RCC_ClockConfig
 .text.HAL_RCC_GetSysClockFreq
                0x0000000008000e50      0x18c CMakeFiles/I2C_VL53L0X.dir/Drivers/STM32F4xx_HAL_Driver/Src/stm32f4xx_hal_rcc.c.obj
                0x0000000008000e50                HAL_RCC_GetSysClockFreq
 .text.__NVIC_SetPriorityGrouping
                0x0000000008000fdc       0x48 CMakeFiles/I2C_VL53L0X.dir/Drivers/STM32F4xx_HAL_Driver/Src/stm32f4xx_hal_cortex.c.obj
 .text.__NVIC_GetPriorityGrouping
                0x0000000008001024       0x1c CMakeFiles/I2C_VL53L0X.dir/Drivers/STM32F4xx_HAL_Driver/Src/stm32f4xx_hal_cortex.c.obj
 .text.__NVIC_SetPriority
                0x0000000008001040       0x54 CMakeFiles/I2C_VL53L0X.dir/Drivers/STM32F4xx_HAL_Driver/Src/stm32f4xx_hal_cortex.c.obj
 .text.NVIC_EncodePriority
                0x0000000008001094       0x66 CMakeFiles/I2C_VL53L0X.dir/Drivers/STM32F4xx_HAL_Driver/Src/stm32f4xx_hal_cortex.c.obj
 *fill*         0x00000000080010fa        0x2 
 .text.SysTick_Config
                0x00000000080010fc       0x44 CMakeFiles/I2C_VL53L0X.dir/Drivers/STM32F4xx_HAL_Driver/Src/stm32f4xx_hal_cortex.c.obj
 .text.HAL_NVIC_SetPriorityGrouping
                0x0000000008001140       0x16 CMakeFiles/I2C_VL53L0X.dir/Drivers/STM32F4xx_HAL_Driver/Src/stm32f4xx_hal_cortex.c.obj
                0x0000000008001140                HAL_NVIC_SetPriorityGrouping
 .text.HAL_NVIC_SetPriority
                0x0000000008001156       0x38 CMakeFiles/I2C_VL53L0X.dir/Drivers/STM32F4xx_HAL_Driver/Src/stm32f4xx_hal_cortex.c.obj
                0x0000000008001156                HAL_NVIC_SetPriority
 .text.HAL_SYSTICK_Config
                0x000000000800118e       0x18 CMakeFiles/I2C_VL53L0X.dir/Drivers/STM32F4xx_HAL_Driver/Src/stm32f4xx_hal_cortex.c.obj
                0x000000000800118e                HAL_SYSTICK_Config
 *fill*         0x00000000080011a6        0x2 
 .text.HAL_Init
                0x00000000080011a8       0x44 CMakeFiles/I2C_VL53L0X.dir/Drivers/STM32F4xx_HAL_Driver/Src/stm32f4xx_hal.c.obj
                0x00000000080011a8                HAL_Init
 .text.HAL_InitTick
                0x00000000080011ec       0x60 CMakeFiles/I2C_VL53L0X.dir/Drivers/STM32F4xx_HAL_Driver/Src/stm32f4xx_hal.c.obj
                0x00000000080011ec                HAL_InitTick
 .text.HAL_IncTick
                0x000000000800124c       0x28 CMakeFiles/I2C_VL53L0X.dir/Drivers/STM32F4xx_HAL_Driver/Src/stm32f4xx_hal.c.obj
                0x000000000800124c                HAL_IncTick
 .text.HAL_GetTick
                0x0000000008001274       0x18 CMakeFiles/I2C_VL53L0X.dir/Drivers/STM32F4xx_HAL_Driver/Src/stm32f4xx_hal.c.obj
                0x0000000008001274                HAL_GetTick
 .text.SystemInit
                0x000000000800128c       0x24 CMakeFiles/I2C_VL53L0X.dir/Core/Src/system_stm32f4xx.c.obj
                0x000000000800128c                SystemInit
 .text.Reset_Handler
                0x00000000080012b0       0x50 CMakeFiles/I2C_VL53L0X.dir/startup_stm32f411xe.s.obj
                0x00000000080012b0                Reset_Handler
 .text.Default_Handler
                0x0000000008001300        0x2 CMakeFiles/I2C_VL53L0X.dir/startup_stm32f411xe.s.obj
                0x0000000008001300                RTC_Alarm_IRQHandler
                0x0000000008001300                EXTI2_IRQHandler
                0x0000000008001300                SPI4_IRQHandler
                0x0000000008001300                TIM1_CC_IRQHandler
                0x0000000008001300                DMA2_Stream5_IRQHandler
                0x0000000008001300                DMA1_Stream5_IRQHandler
                0x0000000008001300                PVD_IRQHandler
                0x0000000008001300                SDIO_IRQHandler
                0x0000000008001300                TAMP_STAMP_IRQHandler
                0x0000000008001300                EXTI3_IRQHandler
                0x0000000008001300                TIM1_UP_TIM10_IRQHandler
                0x0000000008001300                I2C3_ER_IRQHandler
                0x0000000008001300                EXTI0_IRQHandler
                0x0000000008001300                I2C2_EV_IRQHandler
                0x0000000008001300                DMA1_Stream2_IRQHandler
                0x0000000008001300                FPU_IRQHandler
                0x0000000008001300                DMA2_Stream2_IRQHandler
                0x0000000008001300                SPI1_IRQHandler
                0x0000000008001300                TIM1_BRK_TIM9_IRQHandler
                0x0000000008001300                DMA2_Stream3_IRQHandler
                0x0000000008001300                USART6_IRQHandler
                0x0000000008001300                DMA2_Stream0_IRQHandler
                0x0000000008001300                TIM4_IRQHandler
                0x0000000008001300                I2C1_EV_IRQHandler
                0x0000000008001300                DMA1_Stream6_IRQHandler
                0x0000000008001300                DMA1_Stream1_IRQHandler
                0x0000000008001300                TIM3_IRQHandler
                0x0000000008001300                RCC_IRQHandler
                0x0000000008001300                Default_Handler
                0x0000000008001300                EXTI15_10_IRQHandler
                0x0000000008001300                ADC_IRQHandler
                0x0000000008001300                DMA1_Stream7_IRQHandler
                0x0000000008001300                SPI5_IRQHandler
                0x0000000008001300                TIM5_IRQHandler
                0x0000000008001300                DMA2_Stream7_IRQHandler
                0x0000000008001300                I2C3_EV_IRQHandler
                0x0000000008001300                EXTI9_5_IRQHandler
                0x0000000008001300                RTC_WKUP_IRQHandler
                0x0000000008001300                SPI2_IRQHandler
                0x0000000008001300                DMA1_Stream0_IRQHandler
                0x0000000008001300                EXTI4_IRQHandler
                0x0000000008001300                WWDG_IRQHandler
                0x0000000008001300                TIM2_IRQHandler
                0x0000000008001300                OTG_FS_WKUP_IRQHandler
                0x0000000008001300                TIM1_TRG_COM_TIM11_IRQHandler
                0x0000000008001300                EXTI1_IRQHandler
                0x0000000008001300                USART2_IRQHandler
                0x0000000008001300                I2C2_ER_IRQHandler
                0x0000000008001300                DMA2_Stream1_IRQHandler
                0x0000000008001300                FLASH_IRQHandler
                0x0000000008001300                DMA2_Stream4_IRQHandler
                0x0000000008001300                USART1_IRQHandler
                0x0000000008001300                OTG_FS_IRQHandler
                0x0000000008001300                SPI3_IRQHandler
                0x0000000008001300                DMA1_Stream4_IRQHandler
                0x0000000008001300                I2C1_ER_IRQHandler
                0x0000000008001300                DMA2_Stream6_IRQHandler
                0x0000000008001300                DMA1_Stream3_IRQHandler
 *(.glue_7)
 .glue_7        0x0000000008001302        0x0 linker stubs
 *(.glue_7t)
 .glue_7t       0x0000000008001302        0x0 linker stubs
 *(.eh_frame)
 *fill*         0x0000000008001302        0x2 
 .eh_frame      0x0000000008001304        0x0 /usr/share/gcc-arm-none-eabi-10.3-2021.10/bin/../lib/gcc/arm-none-eabi/10.3.1/thumb/v7e-m+fp/hard/crtbegin.o
 *(.init)
 .init          0x0000000008001304        0x4 /usr/share/gcc-arm-none-eabi-10.3-2021.10/bin/../lib/gcc/arm-none-eabi/10.3.1/thumb/v7e-m+fp/hard/crti.o
                0x0000000008001304                _init
 .init          0x0000000008001308        0x8 /usr/share/gcc-arm-none-eabi-10.3-2021.10/bin/../lib/gcc/arm-none-eabi/10.3.1/thumb/v7e-m+fp/hard/crtn.o
 *(.fini)
 .fini          0x0000000008001310        0x4 /usr/share/gcc-arm-none-eabi-10.3-2021.10/bin/../lib/gcc/arm-none-eabi/10.3.1/thumb/v7e-m+fp/hard/crti.o
                0x0000000008001310                _fini
 .fini          0x0000000008001314        0x8 /usr/share/gcc-arm-none-eabi-10.3-2021.10/bin/../lib/gcc/arm-none-eabi/10.3.1/thumb/v7e-m+fp/hard/crtn.o
                0x000000000800131c                . = ALIGN (0x4)
                0x000000000800131c                _etext = .

.vfp11_veneer   0x000000000800131c        0x0
 .vfp11_veneer  0x000000000800131c        0x0 linker stubs

.v4_bx          0x000000000800131c        0x0
 .v4_bx         0x000000000800131c        0x0 linker stubs

.iplt           0x000000000800131c        0x0
 .iplt          0x000000000800131c        0x0 /usr/share/gcc-arm-none-eabi-10.3-2021.10/bin/../lib/gcc/arm-none-eabi/10.3.1/thumb/v7e-m+fp/hard/crtbegin.o

.rodata         0x000000000800131c       0x10
                0x000000000800131c                . = ALIGN (0x4)
 *(.rodata)
 *(.rodata*)
 .rodata.AHBPrescTable
                0x000000000800131c       0x10 CMakeFiles/I2C_VL53L0X.dir/Core/Src/system_stm32f4xx.c.obj
                0x000000000800131c                AHBPrescTable
                0x000000000800132c                . = ALIGN (0x4)

.ARM.extab
 *(.ARM.extab* .gnu.linkonce.armextab.*)

.ARM            0x000000000800132c        0x8
                0x000000000800132c                __exidx_start = .
 *(.ARM.exidx*)
 .ARM.exidx     0x000000000800132c        0x8 /usr/share/gcc-arm-none-eabi-10.3-2021.10/bin/../lib/gcc/arm-none-eabi/10.3.1/thumb/v7e-m+fp/hard/libgcc.a(_udivmoddi4.o)
                0x0000000008001334                __exidx_end = .

.rel.dyn        0x0000000008001334        0x0
 .rel.iplt      0x0000000008001334        0x0 /usr/share/gcc-arm-none-eabi-10.3-2021.10/bin/../lib/gcc/arm-none-eabi/10.3.1/thumb/v7e-m+fp/hard/crtbegin.o

.preinit_array  0x0000000008001334        0x0
                0x0000000008001334                PROVIDE (__preinit_array_start = .)
 *(.preinit_array*)
                0x0000000008001334                PROVIDE (__preinit_array_end = .)

.init_array     0x0000000008001334        0x4
                0x0000000008001334                PROVIDE (__init_array_start = .)
 *(SORT_BY_NAME(.init_array.*))
 *(.init_array*)
 .init_array    0x0000000008001334        0x4 /usr/share/gcc-arm-none-eabi-10.3-2021.10/bin/../lib/gcc/arm-none-eabi/10.3.1/thumb/v7e-m+fp/hard/crtbegin.o
                0x0000000008001338                PROVIDE (__init_array_end = .)

.fini_array     0x0000000008001338        0x4
                [!provide]                        PROVIDE (__fini_array_start = .)
 *(SORT_BY_NAME(.fini_array.*))
 *(.fini_array*)
 .fini_array    0x0000000008001338        0x4 /usr/share/gcc-arm-none-eabi-10.3-2021.10/bin/../lib/gcc/arm-none-eabi/10.3.1/thumb/v7e-m+fp/hard/crtbegin.o
                [!provide]                        PROVIDE (__fini_array_end = .)
                0x000000000800133c                _sidata = LOADADDR (.data)

.data           0x0000000020000000        0xc load address 0x000000000800133c
                0x0000000020000000                . = ALIGN (0x4)
                0x0000000020000000                _sdata = .
 *(.data)
 *(.data*)
 .data.uwTickPrio
                0x0000000020000000        0x4 CMakeFiles/I2C_VL53L0X.dir/Drivers/STM32F4xx_HAL_Driver/Src/stm32f4xx_hal.c.obj
                0x0000000020000000                uwTickPrio
 .data.uwTickFreq
                0x0000000020000004        0x1 CMakeFiles/I2C_VL53L0X.dir/Drivers/STM32F4xx_HAL_Driver/Src/stm32f4xx_hal.c.obj
                0x0000000020000004                uwTickFreq
 *fill*         0x0000000020000005        0x3 
 .data.SystemCoreClock
                0x0000000020000008        0x4 CMakeFiles/I2C_VL53L0X.dir/Core/Src/system_stm32f4xx.c.obj
                0x0000000020000008                SystemCoreClock
                0x000000002000000c                . = ALIGN (0x4)
                0x000000002000000c                _edata = .

.igot.plt       0x000000002000000c        0x0 load address 0x0000000008001348
 .igot.plt      0x000000002000000c        0x0 /usr/share/gcc-arm-none-eabi-10.3-2021.10/bin/../lib/gcc/arm-none-eabi/10.3.1/thumb/v7e-m+fp/hard/crtbegin.o
                0x000000002000000c                . = ALIGN (0x4)

.bss            0x000000002000000c       0x20 load address 0x0000000008001348
                0x000000002000000c                _sbss = .
                0x000000002000000c                __bss_start__ = _sbss
 *(.bss)
 .bss           0x000000002000000c       0x1c /usr/share/gcc-arm-none-eabi-10.3-2021.10/bin/../lib/gcc/arm-none-eabi/10.3.1/thumb/v7e-m+fp/hard/crtbegin.o
 *(.bss*)
 .bss.uwTick    0x0000000020000028        0x4 CMakeFiles/I2C_VL53L0X.dir/Drivers/STM32F4xx_HAL_Driver/Src/stm32f4xx_hal.c.obj
                0x0000000020000028                uwTick
 *(COMMON)
                0x000000002000002c                . = ALIGN (0x4)
                0x000000002000002c                _ebss = .
                0x000000002000002c                __bss_end__ = _ebss

._user_heap_stack
                0x000000002000002c      0x604 load address 0x0000000008001348
                0x0000000020000030                . = ALIGN (0x8)
 *fill*         0x000000002000002c        0x4 
                [!provide]                        PROVIDE (end = .)
                0x0000000020000030                PROVIDE (_end = .)
                0x0000000020000230                . = (. + _Min_Heap_Size)
 *fill*         0x0000000020000030      0x200 
                0x0000000020000630                . = (. + _Min_Stack_Size)
 *fill*         0x0000000020000230      0x400 
                0x0000000020000630                . = ALIGN (0x8)

/DISCARD/
 libc.a(*)
 libm.a(*)
 libgcc.a(*)
OUTPUT(I2C_VL53L0X.elf elf32-littlearm)
LOAD linker stubs
LOAD /usr/share/gcc-arm-none-eabi-10.3-2021.10/bin/../lib/gcc/arm-none-eabi/10.3.1/../../../../arm-none-eabi/lib/thumb/v7e-m+fp/hard/libc.a
LOAD /usr/share/gcc-arm-none-eabi-10.3-2021.10/bin/../lib/gcc/arm-none-eabi/10.3.1/../../../../arm-none-eabi/lib/thumb/v7e-m+fp/hard/libm.a
LOAD /usr/share/gcc-arm-none-eabi-10.3-2021.10/bin/../lib/gcc/arm-none-eabi/10.3.1/thumb/v7e-m+fp/hard/libgcc.a

.ARM.attributes
                0x0000000000000000       0x30
 .ARM.attributes
                0x0000000000000000       0x1e /usr/share/gcc-arm-none-eabi-10.3-2021.10/bin/../lib/gcc/arm-none-eabi/10.3.1/thumb/v7e-m+fp/hard/crti.o
 .ARM.attributes
                0x000000000000001e       0x34 /usr/share/gcc-arm-none-eabi-10.3-2021.10/bin/../lib/gcc/arm-none-eabi/10.3.1/thumb/v7e-m+fp/hard/crtbegin.o
 .ARM.attributes
                0x0000000000000052       0x34 /usr/share/gcc-arm-none-eabi-10.3-2021.10/bin/../lib/gcc/arm-none-eabi/10.3.1/../../../../arm-none-eabi/lib/thumb/v7e-m+fp/hard/libc_nano.a(lib_a-init.o)
 .ARM.attributes
                0x0000000000000086       0x34 /usr/share/gcc-arm-none-eabi-10.3-2021.10/bin/../lib/gcc/arm-none-eabi/10.3.1/../../../../arm-none-eabi/lib/thumb/v7e-m+fp/hard/libc_nano.a(lib_a-memset.o)
 .ARM.attributes
                0x00000000000000ba       0x34 CMakeFiles/I2C_VL53L0X.dir/Core/Src/main.c.obj
 .ARM.attributes
                0x00000000000000ee       0x34 CMakeFiles/I2C_VL53L0X.dir/Core/Src/blinky.c.obj
 .ARM.attributes
                0x0000000000000122       0x34 CMakeFiles/I2C_VL53L0X.dir/Core/Src/stm32f4xx_it.c.obj
 .ARM.attributes
                0x0000000000000156       0x34 CMakeFiles/I2C_VL53L0X.dir/Core/Src/stm32f4xx_hal_msp.c.obj
 .ARM.attributes
                0x000000000000018a       0x34 CMakeFiles/I2C_VL53L0X.dir/Drivers/STM32F4xx_HAL_Driver/Src/stm32f4xx_hal_rcc.c.obj
 .ARM.attributes
                0x00000000000001be       0x34 CMakeFiles/I2C_VL53L0X.dir/Drivers/STM32F4xx_HAL_Driver/Src/stm32f4xx_hal_cortex.c.obj
 .ARM.attributes
                0x00000000000001f2       0x34 CMakeFiles/I2C_VL53L0X.dir/Drivers/STM32F4xx_HAL_Driver/Src/stm32f4xx_hal.c.obj
 .ARM.attributes
                0x0000000000000226       0x34 CMakeFiles/I2C_VL53L0X.dir/Core/Src/system_stm32f4xx.c.obj
 .ARM.attributes
                0x000000000000025a       0x21 CMakeFiles/I2C_VL53L0X.dir/startup_stm32f411xe.s.obj
 .ARM.attributes
                0x000000000000027b       0x1e /usr/share/gcc-arm-none-eabi-10.3-2021.10/bin/../lib/gcc/arm-none-eabi/10.3.1/thumb/v7e-m+fp/hard/libgcc.a(_aeabi_uldivmod.o)
 .ARM.attributes
                0x0000000000000299       0x34 /usr/share/gcc-arm-none-eabi-10.3-2021.10/bin/../lib/gcc/arm-none-eabi/10.3.1/thumb/v7e-m+fp/hard/libgcc.a(_udivmoddi4.o)
 .ARM.attributes
                0x00000000000002cd       0x1e /usr/share/gcc-arm-none-eabi-10.3-2021.10/bin/../lib/gcc/arm-none-eabi/10.3.1/thumb/v7e-m+fp/hard/libgcc.a(_dvmd_tls.o)
 .ARM.attributes
                0x00000000000002eb       0x1e /usr/share/gcc-arm-none-eabi-10.3-2021.10/bin/../lib/gcc/arm-none-eabi/10.3.1/thumb/v7e-m+fp/hard/crtn.o

.comment        0x0000000000000000       0x49
 .comment       0x0000000000000000       0x49 CMakeFiles/I2C_VL53L0X.dir/Core/Src/main.c.obj
                                         0x4a (size before relaxing)
 .comment       0x0000000000000049       0x4a CMakeFiles/I2C_VL53L0X.dir/Core/Src/blinky.c.obj
 .comment       0x0000000000000049       0x4a CMakeFiles/I2C_VL53L0X.dir/Core/Src/stm32f4xx_it.c.obj
 .comment       0x0000000000000049       0x4a CMakeFiles/I2C_VL53L0X.dir/Core/Src/stm32f4xx_hal_msp.c.obj
 .comment       0x0000000000000049       0x4a CMakeFiles/I2C_VL53L0X.dir/Drivers/STM32F4xx_HAL_Driver/Src/stm32f4xx_hal_rcc.c.obj
 .comment       0x0000000000000049       0x4a CMakeFiles/I2C_VL53L0X.dir/Drivers/STM32F4xx_HAL_Driver/Src/stm32f4xx_hal_cortex.c.obj
 .comment       0x0000000000000049       0x4a CMakeFiles/I2C_VL53L0X.dir/Drivers/STM32F4xx_HAL_Driver/Src/stm32f4xx_hal.c.obj
 .comment       0x0000000000000049       0x4a CMakeFiles/I2C_VL53L0X.dir/Core/Src/system_stm32f4xx.c.obj

.debug_frame    0x0000000000000000      0xd74
 .debug_frame   0x0000000000000000       0x2c /usr/share/gcc-arm-none-eabi-10.3-2021.10/bin/../lib/gcc/arm-none-eabi/10.3.1/../../../../arm-none-eabi/lib/thumb/v7e-m+fp/hard/libc_nano.a(lib_a-init.o)
 .debug_frame   0x000000000000002c       0x20 /usr/share/gcc-arm-none-eabi-10.3-2021.10/bin/../lib/gcc/arm-none-eabi/10.3.1/../../../../arm-none-eabi/lib/thumb/v7e-m+fp/hard/libc_nano.a(lib_a-memset.o)
 .debug_frame   0x000000000000004c       0x94 CMakeFiles/I2C_VL53L0X.dir/Core/Src/main.c.obj
 .debug_frame   0x00000000000000e0       0x30 CMakeFiles/I2C_VL53L0X.dir/Core/Src/blinky.c.obj
 .debug_frame   0x0000000000000110      0x104 CMakeFiles/I2C_VL53L0X.dir/Core/Src/stm32f4xx_it.c.obj
 .debug_frame   0x0000000000000214       0x38 CMakeFiles/I2C_VL53L0X.dir/Core/Src/stm32f4xx_hal_msp.c.obj
 .debug_frame   0x000000000000024c      0x1f4 CMakeFiles/I2C_VL53L0X.dir/Drivers/STM32F4xx_HAL_Driver/Src/stm32f4xx_hal_rcc.c.obj
 .debug_frame   0x0000000000000440      0x508 CMakeFiles/I2C_VL53L0X.dir/Drivers/STM32F4xx_HAL_Driver/Src/stm32f4xx_hal_cortex.c.obj
 .debug_frame   0x0000000000000948      0x374 CMakeFiles/I2C_VL53L0X.dir/Drivers/STM32F4xx_HAL_Driver/Src/stm32f4xx_hal.c.obj
 .debug_frame   0x0000000000000cbc       0x58 CMakeFiles/I2C_VL53L0X.dir/Core/Src/system_stm32f4xx.c.obj
 .debug_frame   0x0000000000000d14       0x2c /usr/share/gcc-arm-none-eabi-10.3-2021.10/bin/../lib/gcc/arm-none-eabi/10.3.1/thumb/v7e-m+fp/hard/libgcc.a(_aeabi_uldivmod.o)
 .debug_frame   0x0000000000000d40       0x34 /usr/share/gcc-arm-none-eabi-10.3-2021.10/bin/../lib/gcc/arm-none-eabi/10.3.1/thumb/v7e-m+fp/hard/libgcc.a(_udivmoddi4.o)

.debug_info     0x0000000000000000     0x32b6
 .debug_info    0x0000000000000000      0x63b CMakeFiles/I2C_VL53L0X.dir/Core/Src/main.c.obj
 .debug_info    0x000000000000063b      0x348 CMakeFiles/I2C_VL53L0X.dir/Core/Src/blinky.c.obj
 .debug_info    0x0000000000000983      0x119 CMakeFiles/I2C_VL53L0X.dir/Core/Src/stm32f4xx_it.c.obj
 .debug_info    0x0000000000000a9c      0x2d4 CMakeFiles/I2C_VL53L0X.dir/Core/Src/stm32f4xx_hal_msp.c.obj
 .debug_info    0x0000000000000d70      0x948 CMakeFiles/I2C_VL53L0X.dir/Drivers/STM32F4xx_HAL_Driver/Src/stm32f4xx_hal_rcc.c.obj
 .debug_info    0x00000000000016b8      0xdd3 CMakeFiles/I2C_VL53L0X.dir/Drivers/STM32F4xx_HAL_Driver/Src/stm32f4xx_hal_cortex.c.obj
 .debug_info    0x000000000000248b      0x8ba CMakeFiles/I2C_VL53L0X.dir/Drivers/STM32F4xx_HAL_Driver/Src/stm32f4xx_hal.c.obj
 .debug_info    0x0000000000002d45      0x54f CMakeFiles/I2C_VL53L0X.dir/Core/Src/system_stm32f4xx.c.obj
 .debug_info    0x0000000000003294       0x22 CMakeFiles/I2C_VL53L0X.dir/startup_stm32f411xe.s.obj

.debug_abbrev   0x0000000000000000      0xc30
 .debug_abbrev  0x0000000000000000      0x1aa CMakeFiles/I2C_VL53L0X.dir/Core/Src/main.c.obj
 .debug_abbrev  0x00000000000001aa       0xaf CMakeFiles/I2C_VL53L0X.dir/Core/Src/blinky.c.obj
 .debug_abbrev  0x0000000000000259       0x61 CMakeFiles/I2C_VL53L0X.dir/Core/Src/stm32f4xx_it.c.obj
 .debug_abbrev  0x00000000000002ba       0xd4 CMakeFiles/I2C_VL53L0X.dir/Core/Src/stm32f4xx_hal_msp.c.obj
 .debug_abbrev  0x000000000000038e      0x262 CMakeFiles/I2C_VL53L0X.dir/Drivers/STM32F4xx_HAL_Driver/Src/stm32f4xx_hal_rcc.c.obj
 .debug_abbrev  0x00000000000005f0      0x30d CMakeFiles/I2C_VL53L0X.dir/Drivers/STM32F4xx_HAL_Driver/Src/stm32f4xx_hal_cortex.c.obj
 .debug_abbrev  0x00000000000008fd      0x20b CMakeFiles/I2C_VL53L0X.dir/Drivers/STM32F4xx_HAL_Driver/Src/stm32f4xx_hal.c.obj
 .debug_abbrev  0x0000000000000b08      0x116 CMakeFiles/I2C_VL53L0X.dir/Core/Src/system_stm32f4xx.c.obj
 .debug_abbrev  0x0000000000000c1e       0x12 CMakeFiles/I2C_VL53L0X.dir/startup_stm32f411xe.s.obj

.debug_aranges  0x0000000000000000      0x3d0
 .debug_aranges
                0x0000000000000000       0x38 CMakeFiles/I2C_VL53L0X.dir/Core/Src/main.c.obj
 .debug_aranges
                0x0000000000000038       0x20 CMakeFiles/I2C_VL53L0X.dir/Core/Src/blinky.c.obj
 .debug_aranges
                0x0000000000000058       0x60 CMakeFiles/I2C_VL53L0X.dir/Core/Src/stm32f4xx_it.c.obj
 .debug_aranges
                0x00000000000000b8       0x20 CMakeFiles/I2C_VL53L0X.dir/Core/Src/stm32f4xx_hal_msp.c.obj
 .debug_aranges
                0x00000000000000d8       0x88 CMakeFiles/I2C_VL53L0X.dir/Drivers/STM32F4xx_HAL_Driver/Src/stm32f4xx_hal_rcc.c.obj
 .debug_aranges
                0x0000000000000160      0x130 CMakeFiles/I2C_VL53L0X.dir/Drivers/STM32F4xx_HAL_Driver/Src/stm32f4xx_hal_cortex.c.obj
 .debug_aranges
                0x0000000000000290       0xf0 CMakeFiles/I2C_VL53L0X.dir/Drivers/STM32F4xx_HAL_Driver/Src/stm32f4xx_hal.c.obj
 .debug_aranges
                0x0000000000000380       0x28 CMakeFiles/I2C_VL53L0X.dir/Core/Src/system_stm32f4xx.c.obj
 .debug_aranges
                0x00000000000003a8       0x28 CMakeFiles/I2C_VL53L0X.dir/startup_stm32f411xe.s.obj

.debug_ranges   0x0000000000000000      0x348
 .debug_ranges  0x0000000000000000       0x28 CMakeFiles/I2C_VL53L0X.dir/Core/Src/main.c.obj
 .debug_ranges  0x0000000000000028       0x10 CMakeFiles/I2C_VL53L0X.dir/Core/Src/blinky.c.obj
 .debug_ranges  0x0000000000000038       0x50 CMakeFiles/I2C_VL53L0X.dir/Core/Src/stm32f4xx_it.c.obj
 .debug_ranges  0x0000000000000088       0x10 CMakeFiles/I2C_VL53L0X.dir/Core/Src/stm32f4xx_hal_msp.c.obj
 .debug_ranges  0x0000000000000098       0x78 CMakeFiles/I2C_VL53L0X.dir/Drivers/STM32F4xx_HAL_Driver/Src/stm32f4xx_hal_rcc.c.obj
 .debug_ranges  0x0000000000000110      0x120 CMakeFiles/I2C_VL53L0X.dir/Drivers/STM32F4xx_HAL_Driver/Src/stm32f4xx_hal_cortex.c.obj
 .debug_ranges  0x0000000000000230       0xe0 CMakeFiles/I2C_VL53L0X.dir/Drivers/STM32F4xx_HAL_Driver/Src/stm32f4xx_hal.c.obj
 .debug_ranges  0x0000000000000310       0x18 CMakeFiles/I2C_VL53L0X.dir/Core/Src/system_stm32f4xx.c.obj
 .debug_ranges  0x0000000000000328       0x20 CMakeFiles/I2C_VL53L0X.dir/startup_stm32f411xe.s.obj

.debug_macro    0x0000000000000000    0x14327
 .debug_macro   0x0000000000000000      0x1c4 CMakeFiles/I2C_VL53L0X.dir/Core/Src/main.c.obj
 .debug_macro   0x00000000000001c4      0xa78 CMakeFiles/I2C_VL53L0X.dir/Core/Src/main.c.obj
 .debug_macro   0x0000000000000c3c      0x28f CMakeFiles/I2C_VL53L0X.dir/Core/Src/main.c.obj
 .debug_macro   0x0000000000000ecb       0x2e CMakeFiles/I2C_VL53L0X.dir/Core/Src/main.c.obj
 .debug_macro   0x0000000000000ef9       0x28 CMakeFiles/I2C_VL53L0X.dir/Core/Src/main.c.obj
 .debug_macro   0x0000000000000f21       0x22 CMakeFiles/I2C_VL53L0X.dir/Core/Src/main.c.obj
 .debug_macro   0x0000000000000f43       0x8e CMakeFiles/I2C_VL53L0X.dir/Core/Src/main.c.obj
 .debug_macro   0x0000000000000fd1       0x51 CMakeFiles/I2C_VL53L0X.dir/Core/Src/main.c.obj
 .debug_macro   0x0000000000001022      0x103 CMakeFiles/I2C_VL53L0X.dir/Core/Src/main.c.obj
 .debug_macro   0x0000000000001125       0x6a CMakeFiles/I2C_VL53L0X.dir/Core/Src/main.c.obj
 .debug_macro   0x000000000000118f      0x1df CMakeFiles/I2C_VL53L0X.dir/Core/Src/main.c.obj
 .debug_macro   0x000000000000136e       0x1c CMakeFiles/I2C_VL53L0X.dir/Core/Src/main.c.obj
 .debug_macro   0x000000000000138a       0x22 CMakeFiles/I2C_VL53L0X.dir/Core/Src/main.c.obj
 .debug_macro   0x00000000000013ac       0xfb CMakeFiles/I2C_VL53L0X.dir/Core/Src/main.c.obj
 .debug_macro   0x00000000000014a7     0x1011 CMakeFiles/I2C_VL53L0X.dir/Core/Src/main.c.obj
 .debug_macro   0x00000000000024b8      0x11f CMakeFiles/I2C_VL53L0X.dir/Core/Src/main.c.obj
 .debug_macro   0x00000000000025d7     0xb953 CMakeFiles/I2C_VL53L0X.dir/Core/Src/main.c.obj
 .debug_macro   0x000000000000df2a       0x6d CMakeFiles/I2C_VL53L0X.dir/Core/Src/main.c.obj
 .debug_macro   0x000000000000df97     0x369a CMakeFiles/I2C_VL53L0X.dir/Core/Src/main.c.obj
 .debug_macro   0x0000000000011631      0x174 CMakeFiles/I2C_VL53L0X.dir/Core/Src/main.c.obj
 .debug_macro   0x00000000000117a5       0x5c CMakeFiles/I2C_VL53L0X.dir/Core/Src/main.c.obj
 .debug_macro   0x0000000000011801      0x45c CMakeFiles/I2C_VL53L0X.dir/Core/Src/main.c.obj
 .debug_macro   0x0000000000011c5d      0x9e9 CMakeFiles/I2C_VL53L0X.dir/Core/Src/main.c.obj
 .debug_macro   0x0000000000012646      0x115 CMakeFiles/I2C_VL53L0X.dir/Core/Src/main.c.obj
 .debug_macro   0x000000000001275b      0x11b CMakeFiles/I2C_VL53L0X.dir/Core/Src/main.c.obj
 .debug_macro   0x0000000000012876       0xa5 CMakeFiles/I2C_VL53L0X.dir/Core/Src/main.c.obj
 .debug_macro   0x000000000001291b      0x15f CMakeFiles/I2C_VL53L0X.dir/Core/Src/main.c.obj
 .debug_macro   0x0000000000012a7a      0x287 CMakeFiles/I2C_VL53L0X.dir/Core/Src/main.c.obj
 .debug_macro   0x0000000000012d01       0x5f CMakeFiles/I2C_VL53L0X.dir/Core/Src/main.c.obj
 .debug_macro   0x0000000000012d60      0x236 CMakeFiles/I2C_VL53L0X.dir/Core/Src/main.c.obj
 .debug_macro   0x0000000000012f96      0x132 CMakeFiles/I2C_VL53L0X.dir/Core/Src/main.c.obj
 .debug_macro   0x00000000000130c8      0x264 CMakeFiles/I2C_VL53L0X.dir/Core/Src/main.c.obj
 .debug_macro   0x000000000001332c       0x2e CMakeFiles/I2C_VL53L0X.dir/Core/Src/main.c.obj
 .debug_macro   0x000000000001335a      0x127 CMakeFiles/I2C_VL53L0X.dir/Core/Src/main.c.obj
 .debug_macro   0x0000000000013481       0x85 CMakeFiles/I2C_VL53L0X.dir/Core/Src/main.c.obj
 .debug_macro   0x0000000000013506       0x89 CMakeFiles/I2C_VL53L0X.dir/Core/Src/main.c.obj
 .debug_macro   0x000000000001358f      0x126 CMakeFiles/I2C_VL53L0X.dir/Core/Src/main.c.obj
 .debug_macro   0x00000000000136b5      0x1b0 CMakeFiles/I2C_VL53L0X.dir/Core/Src/blinky.c.obj
 .debug_macro   0x0000000000013865      0x1c4 CMakeFiles/I2C_VL53L0X.dir/Core/Src/stm32f4xx_it.c.obj
 .debug_macro   0x0000000000013a29      0x1ba CMakeFiles/I2C_VL53L0X.dir/Core/Src/stm32f4xx_hal_msp.c.obj
 .debug_macro   0x0000000000013be3      0x1d4 CMakeFiles/I2C_VL53L0X.dir/Drivers/STM32F4xx_HAL_Driver/Src/stm32f4xx_hal_rcc.c.obj
 .debug_macro   0x0000000000013db7      0x1b0 CMakeFiles/I2C_VL53L0X.dir/Drivers/STM32F4xx_HAL_Driver/Src/stm32f4xx_hal_cortex.c.obj
 .debug_macro   0x0000000000013f67      0x210 CMakeFiles/I2C_VL53L0X.dir/Drivers/STM32F4xx_HAL_Driver/Src/stm32f4xx_hal.c.obj
 .debug_macro   0x0000000000014177      0x1b0 CMakeFiles/I2C_VL53L0X.dir/Core/Src/system_stm32f4xx.c.obj

.debug_line     0x0000000000000000     0x4882
 .debug_line    0x0000000000000000      0x7ba CMakeFiles/I2C_VL53L0X.dir/Core/Src/main.c.obj
 .debug_line    0x00000000000007ba      0x6b7 CMakeFiles/I2C_VL53L0X.dir/Core/Src/blinky.c.obj
 .debug_line    0x0000000000000e71      0x78f CMakeFiles/I2C_VL53L0X.dir/Core/Src/stm32f4xx_it.c.obj
 .debug_line    0x0000000000001600      0x6cc CMakeFiles/I2C_VL53L0X.dir/Core/Src/stm32f4xx_hal_msp.c.obj
 .debug_line    0x0000000000001ccc      0xd46 CMakeFiles/I2C_VL53L0X.dir/Drivers/STM32F4xx_HAL_Driver/Src/stm32f4xx_hal_rcc.c.obj
 .debug_line    0x0000000000002a12      0xcae CMakeFiles/I2C_VL53L0X.dir/Drivers/STM32F4xx_HAL_Driver/Src/stm32f4xx_hal_cortex.c.obj
 .debug_line    0x00000000000036c0      0x9b4 CMakeFiles/I2C_VL53L0X.dir/Drivers/STM32F4xx_HAL_Driver/Src/stm32f4xx_hal.c.obj
 .debug_line    0x0000000000004074      0x74e CMakeFiles/I2C_VL53L0X.dir/Core/Src/system_stm32f4xx.c.obj
 .debug_line    0x00000000000047c2       0xc0 CMakeFiles/I2C_VL53L0X.dir/startup_stm32f411xe.s.obj

.debug_str      0x0000000000000000    0x7f3ff
 .debug_str     0x0000000000000000    0x7df89 CMakeFiles/I2C_VL53L0X.dir/Core/Src/main.c.obj
                                      0x7e1fb (size before relaxing)
 .debug_str     0x000000000007df89       0x6d CMakeFiles/I2C_VL53L0X.dir/Core/Src/blinky.c.obj
                                      0x7e060 (size before relaxing)
 .debug_str     0x000000000007dff6      0x104 CMakeFiles/I2C_VL53L0X.dir/Core/Src/stm32f4xx_it.c.obj
                                      0x7dfad (size before relaxing)
 .debug_str     0x000000000007e0fa       0x73 CMakeFiles/I2C_VL53L0X.dir/Core/Src/stm32f4xx_hal_msp.c.obj
                                      0x7e045 (size before relaxing)
 .debug_str     0x000000000007e16d      0x368 CMakeFiles/I2C_VL53L0X.dir/Drivers/STM32F4xx_HAL_Driver/Src/stm32f4xx_hal_rcc.c.obj
                                      0x7e502 (size before relaxing)
 .debug_str     0x000000000007e4d5      0x831 CMakeFiles/I2C_VL53L0X.dir/Drivers/STM32F4xx_HAL_Driver/Src/stm32f4xx_hal_cortex.c.obj
                                      0x7e88b (size before relaxing)
 .debug_str     0x000000000007ed06      0x5fa CMakeFiles/I2C_VL53L0X.dir/Drivers/STM32F4xx_HAL_Driver/Src/stm32f4xx_hal.c.obj
                                      0x7ead2 (size before relaxing)
 .debug_str     0x000000000007f300       0x91 CMakeFiles/I2C_VL53L0X.dir/Core/Src/system_stm32f4xx.c.obj
                                      0x7e0f5 (size before relaxing)
 .debug_str     0x000000000007f391       0x6e CMakeFiles/I2C_VL53L0X.dir/startup_stm32f411xe.s.obj
                                         0xbe (size before relaxing)
