Archive member included to satisfy reference by file (symbol)

/usr/lib/gcc/arm-none-eabi/13.2.1/../../../arm-none-eabi/lib/thumb/v7e-m+fp/hard/libc_nano.a(libc_a-init.o)
                              /usr/lib/gcc/arm-none-eabi/13.2.1/../../../arm-none-eabi/lib/thumb/v7e-m+fp/hard/crt0.o (__libc_init_array)
/usr/lib/gcc/arm-none-eabi/13.2.1/../../../arm-none-eabi/lib/thumb/v7e-m+fp/hard/libc_nano.a(libc_a-memset.o)
                              /usr/lib/gcc/arm-none-eabi/13.2.1/../../../arm-none-eabi/lib/thumb/v7e-m+fp/hard/crt0.o (memset)
/usr/lib/gcc/arm-none-eabi/13.2.1/../../../arm-none-eabi/lib/thumb/v7e-m+fp/hard/libc_nano.a(libc_a-exit.o)
                              /usr/lib/gcc/arm-none-eabi/13.2.1/../../../arm-none-eabi/lib/thumb/v7e-m+fp/hard/crt0.o (exit)
/usr/lib/gcc/arm-none-eabi/13.2.1/../../../arm-none-eabi/lib/thumb/v7e-m+fp/hard/libc_nano.a(libc_a-atexit.o)
                              /usr/lib/gcc/arm-none-eabi/13.2.1/../../../arm-none-eabi/lib/thumb/v7e-m+fp/hard/crt0.o (atexit)
/usr/lib/gcc/arm-none-eabi/13.2.1/../../../arm-none-eabi/lib/thumb/v7e-m+fp/hard/libc_nano.a(libc_a-fini.o)
                              /usr/lib/gcc/arm-none-eabi/13.2.1/../../../arm-none-eabi/lib/thumb/v7e-m+fp/hard/crt0.o (__libc_fini_array)
/usr/lib/gcc/arm-none-eabi/13.2.1/../../../arm-none-eabi/lib/thumb/v7e-m+fp/hard/libc_nano.a(libc_a-findfp.o)
                              /usr/lib/gcc/arm-none-eabi/13.2.1/../../../arm-none-eabi/lib/thumb/v7e-m+fp/hard/libc_nano.a(libc_a-exit.o) (__stdio_exit_handler)
/usr/lib/gcc/arm-none-eabi/13.2.1/../../../arm-none-eabi/lib/thumb/v7e-m+fp/hard/libc_nano.a(libc_a-fflush.o)
                              /usr/lib/gcc/arm-none-eabi/13.2.1/../../../arm-none-eabi/lib/thumb/v7e-m+fp/hard/libc_nano.a(libc_a-findfp.o) (_fflush_r)
/usr/lib/gcc/arm-none-eabi/13.2.1/../../../arm-none-eabi/lib/thumb/v7e-m+fp/hard/libc_nano.a(libc_a-mallocr.o)
                              /usr/lib/gcc/arm-none-eabi/13.2.1/../../../arm-none-eabi/lib/thumb/v7e-m+fp/hard/libc_nano.a(libc_a-findfp.o) (_malloc_r)
/usr/lib/gcc/arm-none-eabi/13.2.1/../../../arm-none-eabi/lib/thumb/v7e-m+fp/hard/libc_nano.a(libc_a-freer.o)
                              /usr/lib/gcc/arm-none-eabi/13.2.1/../../../arm-none-eabi/lib/thumb/v7e-m+fp/hard/libc_nano.a(libc_a-fflush.o) (_free_r)
/usr/lib/gcc/arm-none-eabi/13.2.1/../../../arm-none-eabi/lib/thumb/v7e-m+fp/hard/libc_nano.a(libc_a-fwalk.o)
                              /usr/lib/gcc/arm-none-eabi/13.2.1/../../../arm-none-eabi/lib/thumb/v7e-m+fp/hard/libc_nano.a(libc_a-findfp.o) (_fwalk_sglue)
/usr/lib/gcc/arm-none-eabi/13.2.1/../../../arm-none-eabi/lib/thumb/v7e-m+fp/hard/libc_nano.a(libc_a-__atexit.o)
                              /usr/lib/gcc/arm-none-eabi/13.2.1/../../../arm-none-eabi/lib/thumb/v7e-m+fp/hard/libc_nano.a(libc_a-atexit.o) (__register_exitproc)
/usr/lib/gcc/arm-none-eabi/13.2.1/../../../arm-none-eabi/lib/thumb/v7e-m+fp/hard/libc_nano.a(libc_a-mlock.o)
                              /usr/lib/gcc/arm-none-eabi/13.2.1/../../../arm-none-eabi/lib/thumb/v7e-m+fp/hard/libc_nano.a(libc_a-mallocr.o) (__malloc_lock)
/usr/lib/gcc/arm-none-eabi/13.2.1/../../../arm-none-eabi/lib/thumb/v7e-m+fp/hard/libc_nano.a(libc_a-sbrkr.o)
                              /usr/lib/gcc/arm-none-eabi/13.2.1/../../../arm-none-eabi/lib/thumb/v7e-m+fp/hard/libc_nano.a(libc_a-mallocr.o) (_sbrk_r)
/usr/lib/gcc/arm-none-eabi/13.2.1/../../../arm-none-eabi/lib/thumb/v7e-m+fp/hard/libc_nano.a(libc_a-stdio.o)
                              /usr/lib/gcc/arm-none-eabi/13.2.1/../../../arm-none-eabi/lib/thumb/v7e-m+fp/hard/libc_nano.a(libc_a-findfp.o) (__sread)
/usr/lib/gcc/arm-none-eabi/13.2.1/../../../arm-none-eabi/lib/thumb/v7e-m+fp/hard/libc_nano.a(libc_a-impure.o)
                              /usr/lib/gcc/arm-none-eabi/13.2.1/../../../arm-none-eabi/lib/thumb/v7e-m+fp/hard/libc_nano.a(libc_a-fflush.o) (_impure_ptr)
/usr/lib/gcc/arm-none-eabi/13.2.1/../../../arm-none-eabi/lib/thumb/v7e-m+fp/hard/libc_nano.a(libc_a-closer.o)
                              /usr/lib/gcc/arm-none-eabi/13.2.1/../../../arm-none-eabi/lib/thumb/v7e-m+fp/hard/libc_nano.a(libc_a-stdio.o) (_close_r)
/usr/lib/gcc/arm-none-eabi/13.2.1/../../../arm-none-eabi/lib/thumb/v7e-m+fp/hard/libc_nano.a(libc_a-__call_atexit.o)
                              /usr/lib/gcc/arm-none-eabi/13.2.1/../../../arm-none-eabi/lib/thumb/v7e-m+fp/hard/libc_nano.a(libc_a-__atexit.o) (__call_exitprocs)
/usr/lib/gcc/arm-none-eabi/13.2.1/../../../arm-none-eabi/lib/thumb/v7e-m+fp/hard/libc_nano.a(libc_a-readr.o)
                              /usr/lib/gcc/arm-none-eabi/13.2.1/../../../arm-none-eabi/lib/thumb/v7e-m+fp/hard/libc_nano.a(libc_a-stdio.o) (_read_r)
/usr/lib/gcc/arm-none-eabi/13.2.1/../../../arm-none-eabi/lib/thumb/v7e-m+fp/hard/libc_nano.a(libc_a-reent.o)
                              /usr/lib/gcc/arm-none-eabi/13.2.1/../../../arm-none-eabi/lib/thumb/v7e-m+fp/hard/libc_nano.a(libc_a-sbrkr.o) (errno)
[...]
Memory Configuration

Name             Origin             Length             Attributes
RAM              0x20000000         0x00020000         xrw
FLASH            0x08000000         0x00080000         xr
*default*        0x00000000         0xffffffff

Linker script and memory map

LOAD /usr/lib/gcc/arm-none-eabi/13.2.1/thumb/v7e-m+fp/hard/crti.o
LOAD /usr/lib/gcc/arm-none-eabi/13.2.1/thumb/v7e-m+fp/hard/crtbegin.o
LOAD /usr/lib/gcc/arm-none-eabi/13.2.1/../../../arm-none-eabi/lib/thumb/v7e-m+fp/hard/crt0.o
START GROUP
LOAD /usr/lib/gcc/arm-none-eabi/13.2.1/../../../arm-none-eabi/lib/thumb/v7e-m+fp/hard/libc_nano.a
LOAD /usr/lib/gcc/arm-none-eabi/13.2.1/../../../arm-none-eabi/lib/thumb/v7e-m+fp/hard/libm.a
END GROUP
LOAD CMakeFiles/I2C_VL53L0X.dir/Core/Src/blinky.c.obj
LOAD CMakeFiles/I2C_VL53L0X.dir/Core/Src/i2c.c.obj
LOAD CMakeFiles/I2C_VL53L0X.dir/Core/Src/main.c.obj
LOAD CMakeFiles/I2C_VL53L0X.dir/Core/Src/stm32f4xx_it.c.obj
LOAD CMakeFiles/I2C_VL53L0X.dir/Core/Src/stm32f4xx_hal_msp.c.obj
LOAD CMakeFiles/I2C_VL53L0X.dir/Drivers/STM32F4xx_HAL_Driver/Src/stm32f4xx_hal_rcc.c.obj
LOAD CMakeFiles/I2C_VL53L0X.dir/Drivers/STM32F4xx_HAL_Driver/Src/stm32f4xx_hal_rcc_ex.c.obj
LOAD CMakeFiles/I2C_VL53L0X.dir/Drivers/STM32F4xx_HAL_Driver/Src/stm32f4xx_hal_flash.c.obj
LOAD CMakeFiles/I2C_VL53L0X.dir/Drivers/STM32F4xx_HAL_Driver/Src/stm32f4xx_hal_flash_ex.c.obj
LOAD CMakeFiles/I2C_VL53L0X.dir/Drivers/STM32F4xx_HAL_Driver/Src/stm32f4xx_hal_flash_ramfunc.c.obj
LOAD CMakeFiles/I2C_VL53L0X.dir/Drivers/STM32F4xx_HAL_Driver/Src/stm32f4xx_hal_gpio.c.obj
LOAD CMakeFiles/I2C_VL53L0X.dir/Drivers/STM32F4xx_HAL_Driver/Src/stm32f4xx_hal_dma_ex.c.obj
LOAD CMakeFiles/I2C_VL53L0X.dir/Drivers/STM32F4xx_HAL_Driver/Src/stm32f4xx_hal_dma.c.obj
LOAD CMakeFiles/I2C_VL53L0X.dir/Drivers/STM32F4xx_HAL_Driver/Src/stm32f4xx_hal_pwr.c.obj
LOAD CMakeFiles/I2C_VL53L0X.dir/Drivers/STM32F4xx_HAL_Driver/Src/stm32f4xx_hal_pwr_ex.c.obj
LOAD CMakeFiles/I2C_VL53L0X.dir/Drivers/STM32F4xx_HAL_Driver/Src/stm32f4xx_hal_cortex.c.obj
LOAD CMakeFiles/I2C_VL53L0X.dir/Drivers/STM32F4xx_HAL_Driver/Src/stm32f4xx_hal.c.obj
LOAD CMakeFiles/I2C_VL53L0X.dir/Drivers/STM32F4xx_HAL_Driver/Src/stm32f4xx_hal_exti.c.obj
LOAD CMakeFiles/I2C_VL53L0X.dir/Core/Src/system_stm32f4xx.c.obj
LOAD CMakeFiles/I2C_VL53L0X.dir/Core/Src/sysmem.c.obj
LOAD CMakeFiles/I2C_VL53L0X.dir/Core/Src/syscalls.c.obj
LOAD CMakeFiles/I2C_VL53L0X.dir/startup_stm32f411xe.s.obj
START GROUP
LOAD /usr/lib/gcc/arm-none-eabi/13.2.1/thumb/v7e-m+fp/hard/libgcc.a
LOAD /usr/lib/gcc/arm-none-eabi/13.2.1/../../../arm-none-eabi/lib/thumb/v7e-m+fp/hard/libg_nano.a
LOAD /usr/lib/gcc/arm-none-eabi/13.2.1/../../../arm-none-eabi/lib/thumb/v7e-m+fp/hard/libc_nano.a
END GROUP
START GROUP
LOAD /usr/lib/gcc/arm-none-eabi/13.2.1/thumb/v7e-m+fp/hard/libgcc.a
LOAD /usr/lib/gcc/arm-none-eabi/13.2.1/../../../arm-none-eabi/lib/thumb/v7e-m+fp/hard/libc_nano.a
END GROUP
LOAD /usr/lib/gcc/arm-none-eabi/13.2.1/thumb/v7e-m+fp/hard/crtend.o
LOAD /usr/lib/gcc/arm-none-eabi/13.2.1/thumb/v7e-m+fp/hard/crtn.o
                0x20020000                        _estack = (ORIGIN (RAM) + LENGTH (RAM))
                0x00000200                        _Min_Heap_Size = 0x200
                0x00000400                        _Min_Stack_Size = 0x400

.isr_vector     0x08000000      0x198
                0x08000000                        . = ALIGN (0x4)
 *(.isr_vector)
 .isr_vector    0x08000000      0x198 CMakeFiles/I2C_VL53L0X.dir/startup_stm32f411xe.s.obj
                0x08000000                g_pfnVectors
                0x08000198                        . = ALIGN (0x4)

.text           0x08000198     0x145c
                0x08000198                        . = ALIGN (0x4)
 *(.text)
 .text          0x08000198       0x88 /usr/lib/gcc/arm-none-eabi/13.2.1/thumb/v7e-m+fp/hard/crtbegin.o
 .text          0x08000220       0x50 /usr/lib/gcc/arm-none-eabi/13.2.1/../../../arm-none-eabi/lib/thumb/v7e-m+fp/hard/libc_nano.a(libc_a-init.o)
                0x08000220                __libc_init_array
 .text          0x08000270       0xa4 /usr/lib/gcc/arm-none-eabi/13.2.1/../../../arm-none-eabi/lib/thumb/v7e-m+fp/hard/libc_nano.a(libc_a-memset.o)
                0x08000270                memset
 .text          0x08000314       0x30 /usr/lib/gcc/arm-none-eabi/13.2.1/thumb/v7e-m+fp/hard/libgcc.a(_aeabi_uldivmod.o)
                0x08000314                __aeabi_uldivmod
 .text          0x08000344      0x2bc /usr/lib/gcc/arm-none-eabi/13.2.1/thumb/v7e-m+fp/hard/libgcc.a(_udivmoddi4.o)
                0x08000344                __udivmoddi4
 .text          0x08000600        0x4 /usr/lib/gcc/arm-none-eabi/13.2.1/thumb/v7e-m+fp/hard/libgcc.a(_dvmd_tls.o)
                0x08000600                __aeabi_ldiv0
                0x08000600                __aeabi_idiv0
 *(.text*)
 .text.BlinkyPeripheral
                0x08000604       0x30 CMakeFiles/I2C_VL53L0X.dir/Core/Src/blinky.c.obj
                0x08000604                BlinkyPeripheral
 .text.I2CPeripheral
                0x08000634       0xb0 CMakeFiles/I2C_VL53L0X.dir/Core/Src/i2c.c.obj
                0x08000634                I2CPeripheral
 .text.I2CStart
                0x080006e4       0x30 CMakeFiles/I2C_VL53L0X.dir/Core/Src/i2c.c.obj
                0x080006e4                I2CStart
 .text.I2CStop  0x08000714       0x20 CMakeFiles/I2C_VL53L0X.dir/Core/Src/i2c.c.obj
                0x08000714                I2CStop
 .text.I2CWriteChipAddr
                0x08000734       0x50 CMakeFiles/I2C_VL53L0X.dir/Core/Src/i2c.c.obj
                0x08000734                I2CWriteChipAddr
 .text.I2CWriteRegAddr
                0x08000784       0x30 CMakeFiles/I2C_VL53L0X.dir/Core/Src/i2c.c.obj
                0x08000784                I2CWriteRegAddr
 .text.I2CRead  0x080007b4       0x50 CMakeFiles/I2C_VL53L0X.dir/Core/Src/i2c.c.obj
                0x080007b4                I2CRead
 .text.I2CReadRegister
                0x08000804       0x5a CMakeFiles/I2C_VL53L0X.dir/Core/Src/i2c.c.obj
                0x08000804                I2CReadRegister
 *fill*         0x0800085e        0x2 
 .text.main     0x08000860       0x44 CMakeFiles/I2C_VL53L0X.dir/Core/Src/main.c.obj
                0x08000860                main
 .text.SystemClock_Config
                0x080008a4       0xbc CMakeFiles/I2C_VL53L0X.dir/Core/Src/main.c.obj
                0x080008a4                SystemClock_Config
 .text.MX_GPIO_Init
                0x08000960       0x50 CMakeFiles/I2C_VL53L0X.dir/Core/Src/main.c.obj
 .text.Error_Handler
                0x080009b0        0xc CMakeFiles/I2C_VL53L0X.dir/Core/Src/main.c.obj
                0x080009b0                Error_Handler
 .text.NMI_Handler
                0x080009bc        0x8 CMakeFiles/I2C_VL53L0X.dir/Core/Src/stm32f4xx_it.c.obj
                0x080009bc                NMI_Handler
 .text.HardFault_Handler
                0x080009c4        0x8 CMakeFiles/I2C_VL53L0X.dir/Core/Src/stm32f4xx_it.c.obj
                0x080009c4                HardFault_Handler
 .text.MemManage_Handler
                0x080009cc        0x8 CMakeFiles/I2C_VL53L0X.dir/Core/Src/stm32f4xx_it.c.obj
                0x080009cc                MemManage_Handler
 .text.BusFault_Handler
                0x080009d4        0x8 CMakeFiles/I2C_VL53L0X.dir/Core/Src/stm32f4xx_it.c.obj
                0x080009d4                BusFault_Handler
 .text.UsageFault_Handler
                0x080009dc        0x8 CMakeFiles/I2C_VL53L0X.dir/Core/Src/stm32f4xx_it.c.obj
                0x080009dc                UsageFault_Handler
 .text.SVC_Handler
                0x080009e4        0xe CMakeFiles/I2C_VL53L0X.dir/Core/Src/stm32f4xx_it.c.obj
                0x080009e4                SVC_Handler
 .text.DebugMon_Handler
                0x080009f2        0xe CMakeFiles/I2C_VL53L0X.dir/Core/Src/stm32f4xx_it.c.obj
                0x080009f2                DebugMon_Handler
 .text.PendSV_Handler
                0x08000a00        0xe CMakeFiles/I2C_VL53L0X.dir/Core/Src/stm32f4xx_it.c.obj
                0x08000a00                PendSV_Handler
 .text.SysTick_Handler
                0x08000a0e        0xc CMakeFiles/I2C_VL53L0X.dir/Core/Src/stm32f4xx_it.c.obj
                0x08000a0e                SysTick_Handler
 *fill*         0x08000a1a        0x2 
 .text.HAL_MspInit
                0x08000a1c       0x50 CMakeFiles/I2C_VL53L0X.dir/Core/Src/stm32f4xx_hal_msp.c.obj
                0x08000a1c                HAL_MspInit
 .text.HAL_RCC_OscConfig
                0x08000a6c      0x4f0 CMakeFiles/I2C_VL53L0X.dir/Drivers/STM32F4xx_HAL_Driver/Src/stm32f4xx_hal_rcc.c.obj
                0x08000a6c                HAL_RCC_OscConfig
 .text.HAL_RCC_ClockConfig
                0x08000f5c      0x1cc CMakeFiles/I2C_VL53L0X.dir/Drivers/STM32F4xx_HAL_Driver/Src/stm32f4xx_hal_rcc.c.obj
                0x08000f5c                HAL_RCC_ClockConfig
 .text.HAL_RCC_GetSysClockFreq
                0x08001128      0x18c CMakeFiles/I2C_VL53L0X.dir/Drivers/STM32F4xx_HAL_Driver/Src/stm32f4xx_hal_rcc.c.obj
                0x08001128                HAL_RCC_GetSysClockFreq
 .text.__NVIC_SetPriorityGrouping
                0x080012b4       0x48 CMakeFiles/I2C_VL53L0X.dir/Drivers/STM32F4xx_HAL_Driver/Src/stm32f4xx_hal_cortex.c.obj
 .text.__NVIC_GetPriorityGrouping
                0x080012fc       0x1c CMakeFiles/I2C_VL53L0X.dir/Drivers/STM32F4xx_HAL_Driver/Src/stm32f4xx_hal_cortex.c.obj
 .text.__NVIC_SetPriority
                0x08001318       0x54 CMakeFiles/I2C_VL53L0X.dir/Drivers/STM32F4xx_HAL_Driver/Src/stm32f4xx_hal_cortex.c.obj
 .text.NVIC_EncodePriority
                0x0800136c       0x66 CMakeFiles/I2C_VL53L0X.dir/Drivers/STM32F4xx_HAL_Driver/Src/stm32f4xx_hal_cortex.c.obj
 *fill*         0x080013d2        0x2 
 .text.SysTick_Config
                0x080013d4       0x44 CMakeFiles/I2C_VL53L0X.dir/Drivers/STM32F4xx_HAL_Driver/Src/stm32f4xx_hal_cortex.c.obj
 .text.HAL_NVIC_SetPriorityGrouping
                0x08001418       0x16 CMakeFiles/I2C_VL53L0X.dir/Drivers/STM32F4xx_HAL_Driver/Src/stm32f4xx_hal_cortex.c.obj
                0x08001418                HAL_NVIC_SetPriorityGrouping
 .text.HAL_NVIC_SetPriority
                0x0800142e       0x38 CMakeFiles/I2C_VL53L0X.dir/Drivers/STM32F4xx_HAL_Driver/Src/stm32f4xx_hal_cortex.c.obj
                0x0800142e                HAL_NVIC_SetPriority
 .text.HAL_SYSTICK_Config
                0x08001466       0x18 CMakeFiles/I2C_VL53L0X.dir/Drivers/STM32F4xx_HAL_Driver/Src/stm32f4xx_hal_cortex.c.obj
                0x08001466                HAL_SYSTICK_Config
 *fill*         0x0800147e        0x2 
 .text.HAL_Init
                0x08001480       0x44 CMakeFiles/I2C_VL53L0X.dir/Drivers/STM32F4xx_HAL_Driver/Src/stm32f4xx_hal.c.obj
                0x08001480                HAL_Init
 .text.HAL_InitTick
                0x080014c4       0x60 CMakeFiles/I2C_VL53L0X.dir/Drivers/STM32F4xx_HAL_Driver/Src/stm32f4xx_hal.c.obj
                0x080014c4                HAL_InitTick
 .text.HAL_IncTick
                0x08001524       0x28 CMakeFiles/I2C_VL53L0X.dir/Drivers/STM32F4xx_HAL_Driver/Src/stm32f4xx_hal.c.obj
                0x08001524                HAL_IncTick
 .text.HAL_GetTick
                0x0800154c       0x18 CMakeFiles/I2C_VL53L0X.dir/Drivers/STM32F4xx_HAL_Driver/Src/stm32f4xx_hal.c.obj
                0x0800154c                HAL_GetTick
 .text.SystemInit
                0x08001564       0x24 CMakeFiles/I2C_VL53L0X.dir/Core/Src/system_stm32f4xx.c.obj
                0x08001564                SystemInit
 .text.Reset_Handler
                0x08001588       0x50 CMakeFiles/I2C_VL53L0X.dir/startup_stm32f411xe.s.obj
                0x08001588                Reset_Handler
 .text.Default_Handler
                0x080015d8        0x2 CMakeFiles/I2C_VL53L0X.dir/startup_stm32f411xe.s.obj
                0x080015d8                RTC_Alarm_IRQHandler
                0x080015d8                EXTI2_IRQHandler
                0x080015d8                SPI4_IRQHandler
                0x080015d8                TIM1_CC_IRQHandler
                0x080015d8                DMA2_Stream5_IRQHandler
                0x080015d8                DMA1_Stream5_IRQHandler
                0x080015d8                PVD_IRQHandler
                0x080015d8                SDIO_IRQHandler
                0x080015d8                TAMP_STAMP_IRQHandler
                0x080015d8                EXTI3_IRQHandler
                0x080015d8                TIM1_UP_TIM10_IRQHandler
                0x080015d8                I2C3_ER_IRQHandler
                0x080015d8                EXTI0_IRQHandler
                0x080015d8                I2C2_EV_IRQHandler
                0x080015d8                DMA1_Stream2_IRQHandler
                0x080015d8                FPU_IRQHandler
                0x080015d8                DMA2_Stream2_IRQHandler
                0x080015d8                SPI1_IRQHandler
                0x080015d8                TIM1_BRK_TIM9_IRQHandler
                0x080015d8                DMA2_Stream3_IRQHandler
                0x080015d8                USART6_IRQHandler
                0x080015d8                DMA2_Stream0_IRQHandler
                0x080015d8                TIM4_IRQHandler
                0x080015d8                I2C1_EV_IRQHandler
                0x080015d8                DMA1_Stream6_IRQHandler
                0x080015d8                DMA1_Stream1_IRQHandler
                0x080015d8                TIM3_IRQHandler
                0x080015d8                RCC_IRQHandler
                0x080015d8                Default_Handler
                0x080015d8                EXTI15_10_IRQHandler
                0x080015d8                ADC_IRQHandler
                0x080015d8                DMA1_Stream7_IRQHandler
                0x080015d8                SPI5_IRQHandler
                0x080015d8                TIM5_IRQHandler
                0x080015d8                DMA2_Stream7_IRQHandler
                0x080015d8                I2C3_EV_IRQHandler
                0x080015d8                EXTI9_5_IRQHandler
                0x080015d8                RTC_WKUP_IRQHandler
                0x080015d8                SPI2_IRQHandler
                0x080015d8                DMA1_Stream0_IRQHandler
                0x080015d8                EXTI4_IRQHandler
                0x080015d8                WWDG_IRQHandler
                0x080015d8                TIM2_IRQHandler
                0x080015d8                OTG_FS_WKUP_IRQHandler
                0x080015d8                TIM1_TRG_COM_TIM11_IRQHandler
                0x080015d8                EXTI1_IRQHandler
                0x080015d8                USART2_IRQHandler
                0x080015d8                I2C2_ER_IRQHandler
                0x080015d8                DMA2_Stream1_IRQHandler
                0x080015d8                FLASH_IRQHandler
                0x080015d8                DMA2_Stream4_IRQHandler
                0x080015d8                USART1_IRQHandler
                0x080015d8                OTG_FS_IRQHandler
                0x080015d8                SPI3_IRQHandler
                0x080015d8                DMA1_Stream4_IRQHandler
                0x080015d8                I2C1_ER_IRQHandler
                0x080015d8                DMA2_Stream6_IRQHandler
                0x080015d8                DMA1_Stream3_IRQHandler
 *(.glue_7)
 .glue_7        0x080015da        0x0 linker stubs
 *(.glue_7t)
 .glue_7t       0x080015da        0x0 linker stubs
 *(.eh_frame)
 *fill*         0x080015da        0x2 
 .eh_frame      0x080015dc        0x0 /usr/lib/gcc/arm-none-eabi/13.2.1/thumb/v7e-m+fp/hard/crtbegin.o
 *(.init)
 .init          0x080015dc        0x4 /usr/lib/gcc/arm-none-eabi/13.2.1/thumb/v7e-m+fp/hard/crti.o
                0x080015dc                _init
 .init          0x080015e0        0x8 /usr/lib/gcc/arm-none-eabi/13.2.1/thumb/v7e-m+fp/hard/crtn.o
 *(.fini)
 .fini          0x080015e8        0x4 /usr/lib/gcc/arm-none-eabi/13.2.1/thumb/v7e-m+fp/hard/crti.o
                0x080015e8                _fini
 .fini          0x080015ec        0x8 /usr/lib/gcc/arm-none-eabi/13.2.1/thumb/v7e-m+fp/hard/crtn.o
                0x080015f4                        . = ALIGN (0x4)
                0x080015f4                        _etext = .

.vfp11_veneer   0x080015f4        0x0
 .vfp11_veneer  0x080015f4        0x0 linker stubs

.v4_bx          0x080015f4        0x0
 .v4_bx         0x080015f4        0x0 linker stubs

.iplt           0x080015f4        0x0
 .iplt          0x080015f4        0x0 /usr/lib/gcc/arm-none-eabi/13.2.1/thumb/v7e-m+fp/hard/crtbegin.o

.rodata         0x080015f4       0x10
                0x080015f4                        . = ALIGN (0x4)
 *(.rodata)
 *(.rodata*)
 .rodata.AHBPrescTable
                0x080015f4       0x10 CMakeFiles/I2C_VL53L0X.dir/Core/Src/system_stm32f4xx.c.obj
                0x080015f4                AHBPrescTable
                0x08001604                        . = ALIGN (0x4)

.ARM.extab
 *(.ARM.extab* .gnu.linkonce.armextab.*)

.ARM            0x08001604        0x8
                0x08001604                        __exidx_start = .
 *(.ARM.exidx*)
 .ARM.exidx     0x08001604        0x8 /usr/lib/gcc/arm-none-eabi/13.2.1/thumb/v7e-m+fp/hard/libgcc.a(_udivmoddi4.o)
                0x0800160c                        __exidx_end = .

.rel.dyn        0x0800160c        0x0
 .rel.iplt      0x0800160c        0x0 /usr/lib/gcc/arm-none-eabi/13.2.1/thumb/v7e-m+fp/hard/crtbegin.o

.preinit_array  0x0800160c        0x0
                0x0800160c                        PROVIDE (__preinit_array_start = .)
 *(.preinit_array*)
                0x0800160c                        PROVIDE (__preinit_array_end = .)

.init_array     0x0800160c        0x4
                0x0800160c                        PROVIDE (__init_array_start = .)
 *(SORT_BY_NAME(.init_array.*))
 *(.init_array*)
 .init_array    0x0800160c        0x4 /usr/lib/gcc/arm-none-eabi/13.2.1/thumb/v7e-m+fp/hard/crtbegin.o
                0x08001610                        PROVIDE (__init_array_end = .)

.fini_array     0x08001610        0x4
                0x08001610                        PROVIDE (__fini_array_start = .)
 *(SORT_BY_NAME(.fini_array.*))
 *(.fini_array*)
 .fini_array    0x08001610        0x4 /usr/lib/gcc/arm-none-eabi/13.2.1/thumb/v7e-m+fp/hard/crtbegin.o
                0x08001614                        PROVIDE (__fini_array_end = .)
                0x08001614                        _sidata = LOADADDR (.data)

.data           0x20000000        0xc load address 0x08001614
                0x20000000                        . = ALIGN (0x4)
                0x20000000                        _sdata = .
 *(.data)
 *(.data*)
 .data.uwTickPrio
                0x20000000        0x4 CMakeFiles/I2C_VL53L0X.dir/Drivers/STM32F4xx_HAL_Driver/Src/stm32f4xx_hal.c.obj
                0x20000000                uwTickPrio
 .data.uwTickFreq
                0x20000004        0x1 CMakeFiles/I2C_VL53L0X.dir/Drivers/STM32F4xx_HAL_Driver/Src/stm32f4xx_hal.c.obj
                0x20000004                uwTickFreq
 *fill*         0x20000005        0x3 
 .data.SystemCoreClock
                0x20000008        0x4 CMakeFiles/I2C_VL53L0X.dir/Core/Src/system_stm32f4xx.c.obj
                0x20000008                SystemCoreClock
                0x2000000c                        . = ALIGN (0x4)
                0x2000000c                        _edata = .

.tm_clone_table
                0x2000000c        0x0 load address 0x08001620
 .tm_clone_table
                0x2000000c        0x0 /usr/lib/gcc/arm-none-eabi/13.2.1/thumb/v7e-m+fp/hard/crtbegin.o
 .tm_clone_table
                0x2000000c        0x0 /usr/lib/gcc/arm-none-eabi/13.2.1/thumb/v7e-m+fp/hard/crtend.o

.igot.plt       0x2000000c        0x0 load address 0x08001620
 .igot.plt      0x2000000c        0x0 /usr/lib/gcc/arm-none-eabi/13.2.1/thumb/v7e-m+fp/hard/crtbegin.o
                0x2000000c                        . = ALIGN (0x4)

.bss            0x2000000c       0x20 load address 0x08001620
                0x2000000c                        _sbss = .
                0x2000000c                        __bss_start__ = _sbss
 *(.bss)
 .bss           0x2000000c       0x1c /usr/lib/gcc/arm-none-eabi/13.2.1/thumb/v7e-m+fp/hard/crtbegin.o
 *(.bss*)
 .bss.uwTick    0x20000028        0x4 CMakeFiles/I2C_VL53L0X.dir/Drivers/STM32F4xx_HAL_Driver/Src/stm32f4xx_hal.c.obj
                0x20000028                uwTick
 *(COMMON)
                0x2000002c                        . = ALIGN (0x4)
                0x2000002c                        _ebss = .
                0x2000002c                        __bss_end__ = _ebss

._user_heap_stack
                0x2000002c      0x604 load address 0x08001620
                0x20000030                        . = ALIGN (0x8)
 *fill*         0x2000002c        0x4 
                [!provide]                        PROVIDE (end = .)
                0x20000030                        PROVIDE (_end = .)
                0x20000230                        . = (. + _Min_Heap_Size)
 *fill*         0x20000030      0x200 
                0x20000630                        . = (. + _Min_Stack_Size)
 *fill*         0x20000230      0x400 
                0x20000630                        . = ALIGN (0x8)

/DISCARD/
 libc.a(*)
 libm.a(*)
 libgcc.a(*)
OUTPUT(I2C_VL53L0X.elf elf32-littlearm)
LOAD linker stubs
LOAD /usr/lib/gcc/arm-none-eabi/13.2.1/../../../arm-none-eabi/lib/thumb/v7e-m+fp/hard/libc.a
LOAD /usr/lib/gcc/arm-none-eabi/13.2.1/../../../arm-none-eabi/lib/thumb/v7e-m+fp/hard/libm.a
LOAD /usr/lib/gcc/arm-none-eabi/13.2.1/thumb/v7e-m+fp/hard/libgcc.a

.ARM.attributes
                0x00000000       0x30
 .ARM.attributes
                0x00000000       0x22 /usr/lib/gcc/arm-none-eabi/13.2.1/thumb/v7e-m+fp/hard/crti.o
 .ARM.attributes
                0x00000022       0x34 /usr/lib/gcc/arm-none-eabi/13.2.1/thumb/v7e-m+fp/hard/crtbegin.o
 .ARM.attributes
                0x00000056       0x34 /usr/lib/gcc/arm-none-eabi/13.2.1/../../../arm-none-eabi/lib/thumb/v7e-m+fp/hard/libc_nano.a(libc_a-init.o)
 .ARM.attributes
                0x0000008a       0x34 /usr/lib/gcc/arm-none-eabi/13.2.1/../../../arm-none-eabi/lib/thumb/v7e-m+fp/hard/libc_nano.a(libc_a-memset.o)
 .ARM.attributes
                0x000000be       0x34 CMakeFiles/I2C_VL53L0X.dir/Core/Src/blinky.c.obj
 .ARM.attributes
                0x000000f2       0x34 CMakeFiles/I2C_VL53L0X.dir/Core/Src/i2c.c.obj
 .ARM.attributes
                0x00000126       0x34 CMakeFiles/I2C_VL53L0X.dir/Core/Src/main.c.obj
 .ARM.attributes
                0x0000015a       0x34 CMakeFiles/I2C_VL53L0X.dir/Core/Src/stm32f4xx_it.c.obj
 .ARM.attributes
                0x0000018e       0x34 CMakeFiles/I2C_VL53L0X.dir/Core/Src/stm32f4xx_hal_msp.c.obj
 .ARM.attributes
                0x000001c2       0x34 CMakeFiles/I2C_VL53L0X.dir/Drivers/STM32F4xx_HAL_Driver/Src/stm32f4xx_hal_rcc.c.obj
 .ARM.attributes
                0x000001f6       0x34 CMakeFiles/I2C_VL53L0X.dir/Drivers/STM32F4xx_HAL_Driver/Src/stm32f4xx_hal_cortex.c.obj
 .ARM.attributes
                0x0000022a       0x34 CMakeFiles/I2C_VL53L0X.dir/Drivers/STM32F4xx_HAL_Driver/Src/stm32f4xx_hal.c.obj
 .ARM.attributes
                0x0000025e       0x34 CMakeFiles/I2C_VL53L0X.dir/Core/Src/system_stm32f4xx.c.obj
 .ARM.attributes
                0x00000292       0x21 CMakeFiles/I2C_VL53L0X.dir/startup_stm32f411xe.s.obj
 .ARM.attributes
                0x000002b3       0x22 /usr/lib/gcc/arm-none-eabi/13.2.1/thumb/v7e-m+fp/hard/libgcc.a(_aeabi_uldivmod.o)
 .ARM.attributes
                0x000002d5       0x34 /usr/lib/gcc/arm-none-eabi/13.2.1/thumb/v7e-m+fp/hard/libgcc.a(_udivmoddi4.o)
 .ARM.attributes
                0x00000309       0x22 /usr/lib/gcc/arm-none-eabi/13.2.1/thumb/v7e-m+fp/hard/libgcc.a(_dvmd_tls.o)
 .ARM.attributes
                0x0000032b       0x34 /usr/lib/gcc/arm-none-eabi/13.2.1/thumb/v7e-m+fp/hard/crtend.o
 .ARM.attributes
                0x0000035f       0x22 /usr/lib/gcc/arm-none-eabi/13.2.1/thumb/v7e-m+fp/hard/crtn.o

.comment        0x00000000       0x26
 .comment       0x00000000       0x26 /usr/lib/gcc/arm-none-eabi/13.2.1/thumb/v7e-m+fp/hard/crtbegin.o
                                 0x27 (size before relaxing)
 .comment       0x00000026       0x27 /usr/lib/gcc/arm-none-eabi/13.2.1/../../../arm-none-eabi/lib/thumb/v7e-m+fp/hard/libc_nano.a(libc_a-init.o)
 .comment       0x00000026       0x27 /usr/lib/gcc/arm-none-eabi/13.2.1/../../../arm-none-eabi/lib/thumb/v7e-m+fp/hard/libc_nano.a(libc_a-memset.o)
 .comment       0x00000026       0x27 CMakeFiles/I2C_VL53L0X.dir/Core/Src/blinky.c.obj
 .comment       0x00000026       0x27 CMakeFiles/I2C_VL53L0X.dir/Core/Src/i2c.c.obj
 .comment       0x00000026       0x27 CMakeFiles/I2C_VL53L0X.dir/Core/Src/main.c.obj
 .comment       0x00000026       0x27 CMakeFiles/I2C_VL53L0X.dir/Core/Src/stm32f4xx_it.c.obj
 .comment       0x00000026       0x27 CMakeFiles/I2C_VL53L0X.dir/Core/Src/stm32f4xx_hal_msp.c.obj
 .comment       0x00000026       0x27 CMakeFiles/I2C_VL53L0X.dir/Drivers/STM32F4xx_HAL_Driver/Src/stm32f4xx_hal_rcc.c.obj
 .comment       0x00000026       0x27 CMakeFiles/I2C_VL53L0X.dir/Drivers/STM32F4xx_HAL_Driver/Src/stm32f4xx_hal_cortex.c.obj
 .comment       0x00000026       0x27 CMakeFiles/I2C_VL53L0X.dir/Drivers/STM32F4xx_HAL_Driver/Src/stm32f4xx_hal.c.obj
 .comment       0x00000026       0x27 CMakeFiles/I2C_VL53L0X.dir/Core/Src/system_stm32f4xx.c.obj
 .comment       0x00000026       0x27 /usr/lib/gcc/arm-none-eabi/13.2.1/thumb/v7e-m+fp/hard/libgcc.a(_udivmoddi4.o)
 .comment       0x00000026       0x27 /usr/lib/gcc/arm-none-eabi/13.2.1/thumb/v7e-m+fp/hard/crtend.o

.debug_info     0x00000000     0x3e5a
 .debug_info    0x00000000      0x10b /usr/lib/gcc/arm-none-eabi/13.2.1/../../../arm-none-eabi/lib/thumb/v7e-m+fp/hard/libc_nano.a(libc_a-init.o)
 .debug_info    0x0000010b      0x135 /usr/lib/gcc/arm-none-eabi/13.2.1/../../../arm-none-eabi/lib/thumb/v7e-m+fp/hard/libc_nano.a(libc_a-memset.o)
 .debug_info    0x00000240      0x2e3 CMakeFiles/I2C_VL53L0X.dir/Core/Src/blinky.c.obj
 .debug_info    0x00000523      0x4c6 CMakeFiles/I2C_VL53L0X.dir/Core/Src/i2c.c.obj
 .debug_info    0x000009e9      0x5e1 CMakeFiles/I2C_VL53L0X.dir/Core/Src/main.c.obj
 .debug_info    0x00000fca      0x112 CMakeFiles/I2C_VL53L0X.dir/Core/Src/stm32f4xx_it.c.obj
 .debug_info    0x000010dc      0x285 CMakeFiles/I2C_VL53L0X.dir/Core/Src/stm32f4xx_hal_msp.c.obj
 .debug_info    0x00001361      0x8c0 CMakeFiles/I2C_VL53L0X.dir/Drivers/STM32F4xx_HAL_Driver/Src/stm32f4xx_hal_rcc.c.obj
 .debug_info    0x00001c21      0xcd8 CMakeFiles/I2C_VL53L0X.dir/Drivers/STM32F4xx_HAL_Driver/Src/stm32f4xx_hal_cortex.c.obj
 .debug_info    0x000028f9      0x8b8 CMakeFiles/I2C_VL53L0X.dir/Drivers/STM32F4xx_HAL_Driver/Src/stm32f4xx_hal.c.obj
 .debug_info    0x000031b1      0x524 CMakeFiles/I2C_VL53L0X.dir/Core/Src/system_stm32f4xx.c.obj
 .debug_info    0x000036d5       0x30 CMakeFiles/I2C_VL53L0X.dir/startup_stm32f411xe.s.obj
 .debug_info    0x00003705       0x24 /usr/lib/gcc/arm-none-eabi/13.2.1/thumb/v7e-m+fp/hard/libgcc.a(_aeabi_uldivmod.o)
 .debug_info    0x00003729      0x6f5 /usr/lib/gcc/arm-none-eabi/13.2.1/thumb/v7e-m+fp/hard/libgcc.a(_udivmoddi4.o)
 .debug_info    0x00003e1e       0x3c /usr/lib/gcc/arm-none-eabi/13.2.1/thumb/v7e-m+fp/hard/libgcc.a(_dvmd_tls.o)

.debug_abbrev   0x00000000     0x122f
 .debug_abbrev  0x00000000       0xc9 /usr/lib/gcc/arm-none-eabi/13.2.1/../../../arm-none-eabi/lib/thumb/v7e-m+fp/hard/libc_nano.a(libc_a-init.o)
 .debug_abbrev  0x000000c9       0xb7 /usr/lib/gcc/arm-none-eabi/13.2.1/../../../arm-none-eabi/lib/thumb/v7e-m+fp/hard/libc_nano.a(libc_a-memset.o)
 .debug_abbrev  0x00000180       0xb5 CMakeFiles/I2C_VL53L0X.dir/Core/Src/blinky.c.obj
 .debug_abbrev  0x00000235      0x19d CMakeFiles/I2C_VL53L0X.dir/Core/Src/i2c.c.obj
 .debug_abbrev  0x000003d2      0x211 CMakeFiles/I2C_VL53L0X.dir/Core/Src/main.c.obj
 .debug_abbrev  0x000005e3       0x73 CMakeFiles/I2C_VL53L0X.dir/Core/Src/stm32f4xx_it.c.obj
 .debug_abbrev  0x00000656       0xd8 CMakeFiles/I2C_VL53L0X.dir/Core/Src/stm32f4xx_hal_msp.c.obj
 .debug_abbrev  0x0000072e      0x2b6 CMakeFiles/I2C_VL53L0X.dir/Drivers/STM32F4xx_HAL_Driver/Src/stm32f4xx_hal_rcc.c.obj
 .debug_abbrev  0x000009e4      0x31d CMakeFiles/I2C_VL53L0X.dir/Drivers/STM32F4xx_HAL_Driver/Src/stm32f4xx_hal_cortex.c.obj
 .debug_abbrev  0x00000d01      0x24b CMakeFiles/I2C_VL53L0X.dir/Drivers/STM32F4xx_HAL_Driver/Src/stm32f4xx_hal.c.obj
 .debug_abbrev  0x00000f4c      0x11b CMakeFiles/I2C_VL53L0X.dir/Core/Src/system_stm32f4xx.c.obj
 .debug_abbrev  0x00001067       0x24 CMakeFiles/I2C_VL53L0X.dir/startup_stm32f411xe.s.obj
 .debug_abbrev  0x0000108b       0x14 /usr/lib/gcc/arm-none-eabi/13.2.1/thumb/v7e-m+fp/hard/libgcc.a(_aeabi_uldivmod.o)
 .debug_abbrev  0x0000109f      0x16a /usr/lib/gcc/arm-none-eabi/13.2.1/thumb/v7e-m+fp/hard/libgcc.a(_udivmoddi4.o)
 .debug_abbrev  0x00001209       0x26 /usr/lib/gcc/arm-none-eabi/13.2.1/thumb/v7e-m+fp/hard/libgcc.a(_dvmd_tls.o)

.debug_loclists
                0x00000000      0xc0b
 .debug_loclists
                0x00000000       0x65 /usr/lib/gcc/arm-none-eabi/13.2.1/../../../arm-none-eabi/lib/thumb/v7e-m+fp/hard/libc_nano.a(libc_a-init.o)
 .debug_loclists
                0x00000065      0x1c2 /usr/lib/gcc/arm-none-eabi/13.2.1/../../../arm-none-eabi/lib/thumb/v7e-m+fp/hard/libc_nano.a(libc_a-memset.o)
 .debug_loclists
                0x00000227      0x9e4 /usr/lib/gcc/arm-none-eabi/13.2.1/thumb/v7e-m+fp/hard/libgcc.a(_udivmoddi4.o)

.debug_aranges  0x00000000      0x4c8
 .debug_aranges
                0x00000000       0x20 /usr/lib/gcc/arm-none-eabi/13.2.1/../../../arm-none-eabi/lib/thumb/v7e-m+fp/hard/libc_nano.a(libc_a-init.o)
 .debug_aranges
                0x00000020       0x20 /usr/lib/gcc/arm-none-eabi/13.2.1/../../../arm-none-eabi/lib/thumb/v7e-m+fp/hard/libc_nano.a(libc_a-memset.o)
 .debug_aranges
                0x00000040       0x20 CMakeFiles/I2C_VL53L0X.dir/Core/Src/blinky.c.obj
 .debug_aranges
                0x00000060       0x58 CMakeFiles/I2C_VL53L0X.dir/Core/Src/i2c.c.obj
 .debug_aranges
                0x000000b8       0x38 CMakeFiles/I2C_VL53L0X.dir/Core/Src/main.c.obj
 .debug_aranges
                0x000000f0       0x60 CMakeFiles/I2C_VL53L0X.dir/Core/Src/stm32f4xx_it.c.obj
 .debug_aranges
                0x00000150       0x20 CMakeFiles/I2C_VL53L0X.dir/Core/Src/stm32f4xx_hal_msp.c.obj
 .debug_aranges
                0x00000170       0x88 CMakeFiles/I2C_VL53L0X.dir/Drivers/STM32F4xx_HAL_Driver/Src/stm32f4xx_hal_rcc.c.obj
 .debug_aranges
                0x000001f8      0x130 CMakeFiles/I2C_VL53L0X.dir/Drivers/STM32F4xx_HAL_Driver/Src/stm32f4xx_hal_cortex.c.obj
 .debug_aranges
                0x00000328       0xf0 CMakeFiles/I2C_VL53L0X.dir/Drivers/STM32F4xx_HAL_Driver/Src/stm32f4xx_hal.c.obj
 .debug_aranges
                0x00000418       0x28 CMakeFiles/I2C_VL53L0X.dir/Core/Src/system_stm32f4xx.c.obj
 .debug_aranges
                0x00000440       0x28 CMakeFiles/I2C_VL53L0X.dir/startup_stm32f411xe.s.obj
 .debug_aranges
                0x00000468       0x20 /usr/lib/gcc/arm-none-eabi/13.2.1/thumb/v7e-m+fp/hard/libgcc.a(_aeabi_uldivmod.o)
 .debug_aranges
                0x00000488       0x20 /usr/lib/gcc/arm-none-eabi/13.2.1/thumb/v7e-m+fp/hard/libgcc.a(_udivmoddi4.o)
 .debug_aranges
                0x000004a8       0x20 /usr/lib/gcc/arm-none-eabi/13.2.1/thumb/v7e-m+fp/hard/libgcc.a(_dvmd_tls.o)

.debug_line     0x00000000     0x4d7a
 .debug_line    0x00000000      0x11e /usr/lib/gcc/arm-none-eabi/13.2.1/../../../arm-none-eabi/lib/thumb/v7e-m+fp/hard/libc_nano.a(libc_a-init.o)
 .debug_line    0x0000011e      0x1b6 /usr/lib/gcc/arm-none-eabi/13.2.1/../../../arm-none-eabi/lib/thumb/v7e-m+fp/hard/libc_nano.a(libc_a-memset.o)
 .debug_line    0x000002d4      0x563 CMakeFiles/I2C_VL53L0X.dir/Core/Src/blinky.c.obj
 .debug_line    0x00000837      0x70f CMakeFiles/I2C_VL53L0X.dir/Core/Src/i2c.c.obj
 .debug_line    0x00000f46      0x61b CMakeFiles/I2C_VL53L0X.dir/Core/Src/main.c.obj
 .debug_line    0x00001561      0x621 CMakeFiles/I2C_VL53L0X.dir/Core/Src/stm32f4xx_it.c.obj
 .debug_line    0x00001b82      0x572 CMakeFiles/I2C_VL53L0X.dir/Core/Src/stm32f4xx_hal_msp.c.obj
 .debug_line    0x000020f4      0xc71 CMakeFiles/I2C_VL53L0X.dir/Drivers/STM32F4xx_HAL_Driver/Src/stm32f4xx_hal_rcc.c.obj
 .debug_line    0x00002d65      0xb34 CMakeFiles/I2C_VL53L0X.dir/Drivers/STM32F4xx_HAL_Driver/Src/stm32f4xx_hal_cortex.c.obj
 .debug_line    0x00003899      0x864 CMakeFiles/I2C_VL53L0X.dir/Drivers/STM32F4xx_HAL_Driver/Src/stm32f4xx_hal.c.obj
 .debug_line    0x000040fd      0x5f7 CMakeFiles/I2C_VL53L0X.dir/Core/Src/system_stm32f4xx.c.obj
 .debug_line    0x000046f4       0x7a CMakeFiles/I2C_VL53L0X.dir/startup_stm32f411xe.s.obj
 .debug_line    0x0000476e       0x4e /usr/lib/gcc/arm-none-eabi/13.2.1/thumb/v7e-m+fp/hard/libgcc.a(_aeabi_uldivmod.o)
 .debug_line    0x000047bc      0x574 /usr/lib/gcc/arm-none-eabi/13.2.1/thumb/v7e-m+fp/hard/libgcc.a(_udivmoddi4.o)
 .debug_line    0x00004d30       0x4a /usr/lib/gcc/arm-none-eabi/13.2.1/thumb/v7e-m+fp/hard/libgcc.a(_dvmd_tls.o)

.debug_str      0x00000000    0x7fa66
 .debug_str     0x00000000    0x7fa66 /usr/lib/gcc/arm-none-eabi/13.2.1/../../../arm-none-eabi/lib/thumb/v7e-m+fp/hard/libc_nano.a(libc_a-init.o)
                                0x1fa (size before relaxing)
 .debug_str     0x0007fa66      0x1ad /usr/lib/gcc/arm-none-eabi/13.2.1/../../../arm-none-eabi/lib/thumb/v7e-m+fp/hard/libc_nano.a(libc_a-memset.o)
 .debug_str     0x0007fa66    0x7dda5 CMakeFiles/I2C_VL53L0X.dir/Core/Src/blinky.c.obj
 .debug_str     0x0007fa66    0x7de51 CMakeFiles/I2C_VL53L0X.dir/Core/Src/i2c.c.obj
 .debug_str     0x0007fa66    0x7dfc3 CMakeFiles/I2C_VL53L0X.dir/Core/Src/main.c.obj
 .debug_str     0x0007fa66    0x7dd09 CMakeFiles/I2C_VL53L0X.dir/Core/Src/stm32f4xx_it.c.obj
 .debug_str     0x0007fa66    0x7dd8a CMakeFiles/I2C_VL53L0X.dir/Core/Src/stm32f4xx_hal_msp.c.obj
 .debug_str     0x0007fa66    0x7e24e CMakeFiles/I2C_VL53L0X.dir/Drivers/STM32F4xx_HAL_Driver/Src/stm32f4xx_hal_rcc.c.obj
 .debug_str     0x0007fa66    0x7e5bc CMakeFiles/I2C_VL53L0X.dir/Drivers/STM32F4xx_HAL_Driver/Src/stm32f4xx_hal_cortex.c.obj
 .debug_str     0x0007fa66    0x7e866 CMakeFiles/I2C_VL53L0X.dir/Drivers/STM32F4xx_HAL_Driver/Src/stm32f4xx_hal.c.obj
 .debug_str     0x0007fa66    0x7de30 CMakeFiles/I2C_VL53L0X.dir/Core/Src/system_stm32f4xx.c.obj
 .debug_str     0x0007fa66       0xc6 CMakeFiles/I2C_VL53L0X.dir/startup_stm32f411xe.s.obj
 .debug_str     0x0007fa66       0xa3 /usr/lib/gcc/arm-none-eabi/13.2.1/thumb/v7e-m+fp/hard/libgcc.a(_aeabi_uldivmod.o)
 .debug_str     0x0007fa66      0x685 /usr/lib/gcc/arm-none-eabi/13.2.1/thumb/v7e-m+fp/hard/libgcc.a(_udivmoddi4.o)
 .debug_str     0x0007fa66       0xc3 /usr/lib/gcc/arm-none-eabi/13.2.1/thumb/v7e-m+fp/hard/libgcc.a(_dvmd_tls.o)

.debug_frame    0x00000000      0xeb0
 .debug_frame   0x00000000       0x2c /usr/lib/gcc/arm-none-eabi/13.2.1/../../../arm-none-eabi/lib/thumb/v7e-m+fp/hard/libc_nano.a(libc_a-init.o)
 .debug_frame   0x0000002c       0x2c /usr/lib/gcc/arm-none-eabi/13.2.1/../../../arm-none-eabi/lib/thumb/v7e-m+fp/hard/libc_nano.a(libc_a-memset.o)
 .debug_frame   0x00000058       0x30 CMakeFiles/I2C_VL53L0X.dir/Core/Src/blinky.c.obj
 .debug_frame   0x00000088      0x130 CMakeFiles/I2C_VL53L0X.dir/Core/Src/i2c.c.obj
 .debug_frame   0x000001b8       0x94 CMakeFiles/I2C_VL53L0X.dir/Core/Src/main.c.obj
 .debug_frame   0x0000024c      0x104 CMakeFiles/I2C_VL53L0X.dir/Core/Src/stm32f4xx_it.c.obj
 .debug_frame   0x00000350       0x38 CMakeFiles/I2C_VL53L0X.dir/Core/Src/stm32f4xx_hal_msp.c.obj
 .debug_frame   0x00000388      0x1f4 CMakeFiles/I2C_VL53L0X.dir/Drivers/STM32F4xx_HAL_Driver/Src/stm32f4xx_hal_rcc.c.obj
 .debug_frame   0x0000057c      0x508 CMakeFiles/I2C_VL53L0X.dir/Drivers/STM32F4xx_HAL_Driver/Src/stm32f4xx_hal_cortex.c.obj
 .debug_frame   0x00000a84      0x374 CMakeFiles/I2C_VL53L0X.dir/Drivers/STM32F4xx_HAL_Driver/Src/stm32f4xx_hal.c.obj
 .debug_frame   0x00000df8       0x58 CMakeFiles/I2C_VL53L0X.dir/Core/Src/system_stm32f4xx.c.obj
 .debug_frame   0x00000e50       0x2c /usr/lib/gcc/arm-none-eabi/13.2.1/thumb/v7e-m+fp/hard/libgcc.a(_aeabi_uldivmod.o)
 .debug_frame   0x00000e7c       0x34 /usr/lib/gcc/arm-none-eabi/13.2.1/thumb/v7e-m+fp/hard/libgcc.a(_udivmoddi4.o)

.debug_rnglists
                0x00000000      0x379
 .debug_rnglists
                0x00000000       0x13 CMakeFiles/I2C_VL53L0X.dir/Core/Src/blinky.c.obj
 .debug_rnglists
                0x00000013       0x3e CMakeFiles/I2C_VL53L0X.dir/Core/Src/i2c.c.obj
 .debug_rnglists
                0x00000051       0x26 CMakeFiles/I2C_VL53L0X.dir/Core/Src/main.c.obj
 .debug_rnglists
                0x00000077       0x43 CMakeFiles/I2C_VL53L0X.dir/Core/Src/stm32f4xx_it.c.obj
 .debug_rnglists
                0x000000ba       0x13 CMakeFiles/I2C_VL53L0X.dir/Core/Src/stm32f4xx_hal_msp.c.obj
 .debug_rnglists
                0x000000cd       0x66 CMakeFiles/I2C_VL53L0X.dir/Drivers/STM32F4xx_HAL_Driver/Src/stm32f4xx_hal_rcc.c.obj
 .debug_rnglists
                0x00000133       0xe0 CMakeFiles/I2C_VL53L0X.dir/Drivers/STM32F4xx_HAL_Driver/Src/stm32f4xx_hal_cortex.c.obj
 .debug_rnglists
                0x00000213       0xaf CMakeFiles/I2C_VL53L0X.dir/Drivers/STM32F4xx_HAL_Driver/Src/stm32f4xx_hal.c.obj
 .debug_rnglists
                0x000002c2       0x1a CMakeFiles/I2C_VL53L0X.dir/Core/Src/system_stm32f4xx.c.obj
 .debug_rnglists
                0x000002dc       0x19 CMakeFiles/I2C_VL53L0X.dir/startup_stm32f411xe.s.obj
 .debug_rnglists
                0x000002f5       0x84 /usr/lib/gcc/arm-none-eabi/13.2.1/thumb/v7e-m+fp/hard/libgcc.a(_udivmoddi4.o)

.debug_macro    0x00000000    0x141cd
 .debug_macro   0x00000000      0x167 CMakeFiles/I2C_VL53L0X.dir/Core/Src/blinky.c.obj
 .debug_macro   0x00000167      0xad8 CMakeFiles/I2C_VL53L0X.dir/Core/Src/blinky.c.obj
 .debug_macro   0x00000c3f       0x2e CMakeFiles/I2C_VL53L0X.dir/Core/Src/blinky.c.obj
 .debug_macro   0x00000c6d       0x28 CMakeFiles/I2C_VL53L0X.dir/Core/Src/blinky.c.obj
 .debug_macro   0x00000c95      0x34e CMakeFiles/I2C_VL53L0X.dir/Core/Src/blinky.c.obj
 .debug_macro   0x00000fe3       0x1c CMakeFiles/I2C_VL53L0X.dir/Core/Src/blinky.c.obj
 .debug_macro   0x00000fff       0x22 CMakeFiles/I2C_VL53L0X.dir/Core/Src/blinky.c.obj
 .debug_macro   0x00001021       0xfb CMakeFiles/I2C_VL53L0X.dir/Core/Src/blinky.c.obj
 .debug_macro   0x0000111c     0x1011 CMakeFiles/I2C_VL53L0X.dir/Core/Src/blinky.c.obj
 .debug_macro   0x0000212d      0x11f CMakeFiles/I2C_VL53L0X.dir/Core/Src/blinky.c.obj
 .debug_macro   0x0000224c     0xb953 CMakeFiles/I2C_VL53L0X.dir/Core/Src/blinky.c.obj
 .debug_macro   0x0000db9f       0x6d CMakeFiles/I2C_VL53L0X.dir/Core/Src/blinky.c.obj
 .debug_macro   0x0000dc0c      0x28f CMakeFiles/I2C_VL53L0X.dir/Core/Src/blinky.c.obj
 .debug_macro   0x0000de9b     0x369a CMakeFiles/I2C_VL53L0X.dir/Core/Src/blinky.c.obj
 .debug_macro   0x00011535      0x190 CMakeFiles/I2C_VL53L0X.dir/Core/Src/blinky.c.obj
 .debug_macro   0x000116c5       0x5c CMakeFiles/I2C_VL53L0X.dir/Core/Src/blinky.c.obj
 .debug_macro   0x00011721      0x45c CMakeFiles/I2C_VL53L0X.dir/Core/Src/blinky.c.obj
 .debug_macro   0x00011b7d      0x9e9 CMakeFiles/I2C_VL53L0X.dir/Core/Src/blinky.c.obj
 .debug_macro   0x00012566      0x115 CMakeFiles/I2C_VL53L0X.dir/Core/Src/blinky.c.obj
 .debug_macro   0x0001267b      0x11b CMakeFiles/I2C_VL53L0X.dir/Core/Src/blinky.c.obj
 .debug_macro   0x00012796       0xa5 CMakeFiles/I2C_VL53L0X.dir/Core/Src/blinky.c.obj
 .debug_macro   0x0001283b      0x15f CMakeFiles/I2C_VL53L0X.dir/Core/Src/blinky.c.obj
 .debug_macro   0x0001299a      0x287 CMakeFiles/I2C_VL53L0X.dir/Core/Src/blinky.c.obj
 .debug_macro   0x00012c21       0x5f CMakeFiles/I2C_VL53L0X.dir/Core/Src/blinky.c.obj
 .debug_macro   0x00012c80      0x236 CMakeFiles/I2C_VL53L0X.dir/Core/Src/blinky.c.obj
 .debug_macro   0x00012eb6      0x132 CMakeFiles/I2C_VL53L0X.dir/Core/Src/blinky.c.obj
 .debug_macro   0x00012fe8      0x264 CMakeFiles/I2C_VL53L0X.dir/Core/Src/blinky.c.obj
 .debug_macro   0x0001324c       0x2e CMakeFiles/I2C_VL53L0X.dir/Core/Src/blinky.c.obj
 .debug_macro   0x0001327a      0x127 CMakeFiles/I2C_VL53L0X.dir/Core/Src/blinky.c.obj
 .debug_macro   0x000133a1       0x85 CMakeFiles/I2C_VL53L0X.dir/Core/Src/blinky.c.obj
 .debug_macro   0x00013426       0x89 CMakeFiles/I2C_VL53L0X.dir/Core/Src/blinky.c.obj
 .debug_macro   0x000134af      0x126 CMakeFiles/I2C_VL53L0X.dir/Core/Src/blinky.c.obj
 .debug_macro   0x000135d5      0x167 CMakeFiles/I2C_VL53L0X.dir/Core/Src/i2c.c.obj
 .debug_macro   0x0001373c      0x185 CMakeFiles/I2C_VL53L0X.dir/Core/Src/main.c.obj
 .debug_macro   0x000138c1      0x17b CMakeFiles/I2C_VL53L0X.dir/Core/Src/stm32f4xx_it.c.obj
 .debug_macro   0x00013a3c      0x171 CMakeFiles/I2C_VL53L0X.dir/Core/Src/stm32f4xx_hal_msp.c.obj
 .debug_macro   0x00013bad      0x18b CMakeFiles/I2C_VL53L0X.dir/Drivers/STM32F4xx_HAL_Driver/Src/stm32f4xx_hal_rcc.c.obj
 .debug_macro   0x00013d38      0x167 CMakeFiles/I2C_VL53L0X.dir/Drivers/STM32F4xx_HAL_Driver/Src/stm32f4xx_hal_cortex.c.obj
 .debug_macro   0x00013e9f      0x1c7 CMakeFiles/I2C_VL53L0X.dir/Drivers/STM32F4xx_HAL_Driver/Src/stm32f4xx_hal.c.obj
 .debug_macro   0x00014066      0x167 CMakeFiles/I2C_VL53L0X.dir/Core/Src/system_stm32f4xx.c.obj

.debug_line_str
                0x00000000      0x14f
 .debug_line_str
                0x00000000      0x14f CMakeFiles/I2C_VL53L0X.dir/startup_stm32f411xe.s.obj
                                 0xac (size before relaxing)
 .debug_line_str
                0x0000014f       0x97 /usr/lib/gcc/arm-none-eabi/13.2.1/thumb/v7e-m+fp/hard/libgcc.a(_aeabi_uldivmod.o)
 .debug_line_str
                0x0000014f       0x9b /usr/lib/gcc/arm-none-eabi/13.2.1/thumb/v7e-m+fp/hard/libgcc.a(_dvmd_tls.o)
